Archive member included to satisfy reference by file (symbol)

/home/pi/proj/opendpscolorsamefont/libopencm3/lib/libopencm3_stm32f1.a(adc.o)
                              hw.o (adc_power_on)
/home/pi/proj/opendpscolorsamefont/libopencm3/lib/libopencm3_stm32f1.a(adc_common_v1.o)
                              hw.o (adc_power_off)
/home/pi/proj/opendpscolorsamefont/libopencm3/lib/libopencm3_stm32f1.a(flash.o)
                              past.o (flash_get_status_flags)
/home/pi/proj/opendpscolorsamefont/libopencm3/lib/libopencm3_stm32f1.a(gpio.o)
                              hw.o (gpio_set_mode)
/home/pi/proj/opendpscolorsamefont/libopencm3/lib/libopencm3_stm32f1.a(rcc.o)
                              hw.o (rcc_clock_setup_in_hsi_out_48mhz)
/home/pi/proj/opendpscolorsamefont/libopencm3/lib/libopencm3_stm32f1.a(dma_common_l1f013.o)
                              spi_driver.o (dma_channel_reset)
/home/pi/proj/opendpscolorsamefont/libopencm3/lib/libopencm3_stm32f1.a(gpio_common_all.o)
                              hw.o (gpio_set)
/home/pi/proj/opendpscolorsamefont/libopencm3/lib/libopencm3_stm32f1.a(spi_common_all.o)
                              spi_driver.o (spi_reset)
/home/pi/proj/opendpscolorsamefont/libopencm3/lib/libopencm3_stm32f1.a(spi_common_l1f124.o)
                              spi_driver.o (spi_init_master)
/home/pi/proj/opendpscolorsamefont/libopencm3/lib/libopencm3_stm32f1.a(timer_common_all.o)
                              hw.o (timer_enable_irq)
/home/pi/proj/opendpscolorsamefont/libopencm3/lib/libopencm3_stm32f1.a(usart_common_all.o)
                              hw.o (usart_set_baudrate)
/home/pi/proj/opendpscolorsamefont/libopencm3/lib/libopencm3_stm32f1.a(usart_common_f124.o)
                              /home/pi/proj/opendpscolorsamefont/libopencm3/lib/libopencm3_stm32f1.a(usart_common_all.o) (usart_send)
/home/pi/proj/opendpscolorsamefont/libopencm3/lib/libopencm3_stm32f1.a(rcc_common_all.o)
                              hw.o (rcc_periph_clock_enable)
/home/pi/proj/opendpscolorsamefont/libopencm3/lib/libopencm3_stm32f1.a(exti_common_all.o)
                              hw.o (exti_set_trigger)
/home/pi/proj/opendpscolorsamefont/libopencm3/lib/libopencm3_stm32f1.a(flash_common_f01.o)
                              /home/pi/proj/opendpscolorsamefont/libopencm3/lib/libopencm3_stm32f1.a(rcc.o) (flash_set_ws)
/home/pi/proj/opendpscolorsamefont/libopencm3/lib/libopencm3_stm32f1.a(vector.o)
                              (reset_handler)
/home/pi/proj/opendpscolorsamefont/libopencm3/lib/libopencm3_stm32f1.a(systick.o)
                              tick.o (systick_set_reload)
/home/pi/proj/opendpscolorsamefont/libopencm3/lib/libopencm3_stm32f1.a(scb.o)
                              opendps.o (scb_reset_system)
/home/pi/proj/opendpscolorsamefont/libopencm3/lib/libopencm3_stm32f1.a(nvic.o)
                              hw.o (nvic_enable_irq)
/home/pi/proj/opendpscolorsamefont/libopencm3/lib/libopencm3_stm32f1.a(assert.o)
                              /home/pi/proj/opendpscolorsamefont/libopencm3/lib/libopencm3_stm32f1.a(rcc.o) (cm3_assert_failed)
/usr/bin/../lib/gcc/arm-none-eabi/9.2.1/../../../../arm-none-eabi/lib/thumb/v7-m/nofp/libc.a(lib_a-atoi.o)
                              func_cv.o (atoi)
/usr/bin/../lib/gcc/arm-none-eabi/9.2.1/../../../../arm-none-eabi/lib/thumb/v7-m/nofp/libc.a(lib_a-memcpy.o)
                              uframe.o (memcpy)
/usr/bin/../lib/gcc/arm-none-eabi/9.2.1/../../../../arm-none-eabi/lib/thumb/v7-m/nofp/libc.a(lib_a-memset.o)
                              event.o (memset)
/usr/bin/../lib/gcc/arm-none-eabi/9.2.1/../../../../arm-none-eabi/lib/thumb/v7-m/nofp/libc.a(lib_a-strcmp.o)
                              func_cv.o (strcmp)
/usr/bin/../lib/gcc/arm-none-eabi/9.2.1/../../../../arm-none-eabi/lib/thumb/v7-m/nofp/libc.a(lib_a-strlen-stub.o)
                              protocol_handler.o (strlen)
/usr/bin/../lib/gcc/arm-none-eabi/9.2.1/../../../../arm-none-eabi/lib/thumb/v7-m/nofp/libc.a(lib_a-strncmp.o)
                              opendps.o (strncmp)
/usr/bin/../lib/gcc/arm-none-eabi/9.2.1/../../../../arm-none-eabi/lib/thumb/v7-m/nofp/libc.a(lib_a-strtol.o)
                              /usr/bin/../lib/gcc/arm-none-eabi/9.2.1/../../../../arm-none-eabi/lib/thumb/v7-m/nofp/libc.a(lib_a-atoi.o) (_strtol_r)
/usr/bin/../lib/gcc/arm-none-eabi/9.2.1/../../../../arm-none-eabi/lib/thumb/v7-m/nofp/libc.a(lib_a-ctype_.o)
                              /usr/bin/../lib/gcc/arm-none-eabi/9.2.1/../../../../arm-none-eabi/lib/thumb/v7-m/nofp/libc.a(lib_a-strtol.o) (_ctype_)
/usr/bin/../lib/gcc/arm-none-eabi/9.2.1/../../../../arm-none-eabi/lib/thumb/v7-m/nofp/libc.a(lib_a-impure.o)
                              /usr/bin/../lib/gcc/arm-none-eabi/9.2.1/../../../../arm-none-eabi/lib/thumb/v7-m/nofp/libc.a(lib_a-strtol.o) (_impure_ptr)
/usr/bin/../lib/gcc/arm-none-eabi/9.2.1/thumb/v7-m/nofp/libgcc.a(_arm_muldf3.o)
                              func_dpsmode.o (__aeabi_dmul)
[...]
Memory Configuration

Name             Origin             Length             Attributes
boot             0x08000000         0x00001400         xr
rom              0x08001400         0x0000e400         xr
past             0x0800f800         0x00000800         r
ram_vect         0x20000000         0x00000150         xrw
ram              0x20000150         0x00001ea0         xrw
bootcom_ram      0x20001ff0         0x00000010         xrw
*default*        0x00000000         0xffffffff

Linker script and memory map

LOAD flashlock.o
LOAD bootcom.o
LOAD crc16.o
LOAD uui.o
LOAD uui_number.o
LOAD uui_time.o
LOAD func_cv.o
LOAD settings_calibration.o
LOAD hw.o
LOAD pwrctl.o
LOAD event.o
LOAD past.o
LOAD tick.o
LOAD tft.o
LOAD spi_driver.o
LOAD ringbuf.o
LOAD ili9163c.o
LOAD mini-printf.o
LOAD gfx_lookup.o
LOAD font-full_small.o
LOAD font-meter_small.o
LOAD font-meter_medium.o
LOAD font-meter_large.o
LOAD gfx-cc.o
LOAD gfx-crosshair.o
LOAD gfx-cv.o
LOAD gfx-cl.o
LOAD gfx-padlock.o
LOAD gfx-thermometer.o
LOAD gfx-wifi.o
LOAD opendps.o
LOAD gfx-poweron.o
LOAD gfx-poweroff.o
LOAD func_cc.o
LOAD func_cl.o
LOAD func_dpsmode.o
LOAD gfx-cvbar.o
LOAD gfx-ccbar.o
LOAD gfx-ppbar.o
LOAD gfx-oppbar.o
LOAD gfx-tmbar.o
LOAD gfx-m1bar.o
LOAD gfx-m2bar.o
LOAD gfx-iconpower.o
LOAD func_gen.o
LOAD uui_icon.o
LOAD gfx-square.o
LOAD gfx-saw.o
LOAD gfx-sin.o
LOAD uframe.o
LOAD protocol.o
LOAD protocol_handler.o
LOAD /home/pi/proj/opendpscolorsamefont/libopencm3/lib/libopencm3_stm32f1.a
START GROUP
LOAD /usr/bin/../lib/gcc/arm-none-eabi/9.2.1/../../../../arm-none-eabi/lib/thumb/v7-m/nofp/libc.a
LOAD /usr/bin/../lib/gcc/arm-none-eabi/9.2.1/thumb/v7-m/nofp/libgcc.a
LOAD /usr/bin/../lib/gcc/arm-none-eabi/9.2.1/../../../../arm-none-eabi/lib/thumb/v7-m/nofp/libnosys.a
END GROUP
START GROUP
LOAD /usr/bin/../lib/gcc/arm-none-eabi/9.2.1/thumb/v7-m/nofp/libgcc.a
LOAD /usr/bin/../lib/gcc/arm-none-eabi/9.2.1/../../../../arm-none-eabi/lib/thumb/v7-m/nofp/libc.a
END GROUP
                0x00010000                flash_size = 0x10000
                0x00002000                ram_size = 0x2000
                0x00001400                boot_size = 0x1400
                0x00000800                past_size = 0x800
                0x00000010                bootcom_size = 0x10
                0x0000e400                app_size = ((flash_size - boot_size) - past_size)
                0x00000150                vector_size = 0x150

.text           0x08001400     0xc340
 *(.vectors)
 .vectors       0x08001400      0x150 /home/pi/proj/opendpscolorsamefont/libopencm3/lib/libopencm3_stm32f1.a(vector.o)
                0x08001400                vector_table
 *(.text*)
 .text.lock_flash
                0x08001550       0x14 flashlock.o
                0x08001550                lock_flash
 .text.unlock_flash
                0x08001564       0x18 flashlock.o
                0x08001564                unlock_flash
 .text.bootcom_put
                0x0800157c       0x20 bootcom.o
                0x0800157c                bootcom_put
 .text.crc16_add
                0x0800159c       0x18 crc16.o
                0x0800159c                crc16_add
 .text.crc16    0x080015b4       0x38 crc16.o
                0x080015b4                crc16
 .text.item_got_focus
                0x080015ec       0x12 uui.o
 .text.item_lost_focus
                0x080015fe       0x14 uui.o
 .text.focus_switch
                0x08001612        0xc uui.o
 .text.uui_init
                0x0800161e       0x10 uui.o
                0x0800161e                uui_init
 .text.uui_add_screen
                0x0800162e       0x48 uui.o
                0x0800162e                uui_add_screen
 .text.uui_refresh
                0x08001676       0x58 uui.o
                0x08001676                uui_refresh
 .text.uui_activate
                0x080016ce       0x56 uui.o
                0x080016ce                uui_activate
 .text.uui_focus
                0x08001724       0x2c uui.o
                0x08001724                uui_focus
 .text.uui_set_screen
                0x08001750       0x5e uui.o
                0x08001750                uui_set_screen
 .text.uui_next_screen
                0x080017ae       0x2a uui.o
                0x080017ae                uui_next_screen
 .text.uui_prev_screen
                0x080017d8       0x28 uui.o
                0x080017d8                uui_prev_screen
 .text.uui_handle_screen_event
                0x08001800      0x11a uui.o
                0x08001800                uui_handle_screen_event
 *fill*         0x0800191a        0x2 
 .text.ui_item_init
                0x0800191c       0x18 uui.o
                0x0800191c                ui_item_init
 .text.uui_tick
                0x08001934        0xc uui.o
                0x08001934                uui_tick
 .text.uui_disable_cur_screen
                0x08001940       0x18 uui.o
                0x08001940                uui_disable_cur_screen
 .text.number_got_event
                0x08001958       0x96 uui_number.o
 .text.number_get_value
                0x080019ee        0x8 uui_number.o
 *fill*         0x080019f6        0x2 
 .text.number_draw
                0x080019f8      0x430 uui_number.o
 .text.number_init
                0x08001e28       0x34 uui_number.o
                0x08001e28                number_init
 .text.number_get_value
                0x08001e5c        0x8 uui_time.o
 .text.number_draw
                0x08001e64      0x33c uui_time.o
 .text.digit_scale.isra.0.constprop.0
                0x080021a0       0x34 uui_time.o
 .text.number_got_event
                0x080021d4       0x74 uui_time.o
 .text.time_init
                0x08002248       0x30 uui_time.o
                0x08002248                time_init
 .text.voltage_changed
                0x08002278       0x10 func_cv.o
 .text.current_changed
                0x08002288       0x10 func_cv.o
 .text.set_parameter
                0x08002298       0x84 func_cv.o
 .text.past_restore
                0x0800231c       0x54 func_cv.o
 .text.past_save
                0x08002370       0x2c func_cv.o
 .text.cv_tick  0x0800239c       0xa0 func_cv.o
 .text.get_parameter
                0x0800243c       0x84 func_cv.o
 .text.cv_enable
                0x080024c0       0x68 func_cv.o
 .text.func_cv_init
                0x08002528       0x50 func_cv.o
                0x08002528                func_cv_init
 .text.past_save
                0x08002578        0x2 settings_calibration.o
 *fill*         0x0800257a        0x2 
 .text.v_dac_changed
                0x0800257c       0x14 settings_calibration.o
 .text.a_dac_changed
                0x08002590       0x14 settings_calibration.o
 .text.set_parameter
                0x080025a4       0x6c settings_calibration.o
 .text.calibration_tick
                0x08002610       0x58 settings_calibration.o
 .text.activated
                0x08002668       0x8c settings_calibration.o
 .text.get_parameter
                0x080026f4       0x50 settings_calibration.o
 .text.calibration_enable
                0x08002744       0x40 settings_calibration.o
 .text.past_restore
                0x08002784        0x2 settings_calibration.o
 *fill*         0x08002786        0x2 
 .text.settings_calibration_init
                0x08002788       0x48 settings_calibration.o
                0x08002788                settings_calibration_init
 .text.fg_noop  0x080027d0        0x2 hw.o
                0x080027d0                fg_noop
 *fill*         0x080027d2        0x2 
 .text.longpress_end
                0x080027d4       0x28 hw.o
 .text.common_timer_init
                0x080027fc       0x42 hw.o
 *fill*         0x0800283e        0x2 
 .text.is_bouncing
                0x08002840       0x30 hw.o
 .text.longpress_begin
                0x08002870       0x24 hw.o
 .text.hw_init  0x08002894      0x610 hw.o
                0x08002894                hw_init
 .text.hw_get_adc_values
                0x08002ea4       0x20 hw.o
                0x08002ea4                hw_get_adc_values
 .text.hw_set_voltage_dac
                0x08002ec4        0xc hw.o
                0x08002ec4                hw_set_voltage_dac
 .text.hw_set_current_dac
                0x08002ed0        0xc hw.o
                0x08002ed0                hw_set_current_dac
 .text.hw_enable_backlight
                0x08002edc       0x50 hw.o
                0x08002edc                hw_enable_backlight
 .text.hw_set_backlight
                0x08002f2c       0x10 hw.o
                0x08002f2c                hw_set_backlight
 .text.hw_get_backlight
                0x08002f3c       0x14 hw.o
                0x08002f3c                hw_get_backlight
 .text.hw_longpress_check
                0x08002f50       0x54 hw.o
                0x08002f50                hw_longpress_check
 .text.hw_sel_button_pressed
                0x08002fa4       0x18 hw.o
                0x08002fa4                hw_sel_button_pressed
 .text.adc1_2_isr
                0x08002fbc      0x150 hw.o
                0x08002fbc                adc1_2_isr
 .text.usart1_isr
                0x0800310c       0x2c hw.o
                0x0800310c                usart1_isr
 .text.tim3_isr
                0x08003138       0x28 hw.o
                0x08003138                tim3_isr
 .text.cur_time_us
                0x08003160       0x1c hw.o
                0x08003160                cur_time_us
 .text.exti2_isr
                0x0800317c       0xa0 hw.o
                0x0800317c                exti2_isr
 .text.exti3_isr
                0x0800321c       0xa0 hw.o
                0x0800321c                exti3_isr
 .text.exti1_isr
                0x080032bc       0xa0 hw.o
                0x080032bc                exti1_isr
 .text.exti4_isr
                0x0800335c       0x34 hw.o
                0x0800335c                exti4_isr
 .text.exti9_5_isr
                0x08003390      0x16c hw.o
                0x08003390                exti9_5_isr
 .text.pwrctl_get_vout
                0x080034fc        0xc pwrctl.o
                0x080034fc                pwrctl_get_vout
 .text.pwrctl_get_ilimit
                0x08003508        0xc pwrctl.o
                0x08003508                pwrctl_get_ilimit
 .text.pwrctl_vout_enabled
                0x08003514        0xc pwrctl.o
                0x08003514                pwrctl_vout_enabled
 .text.pwrctl_calc_vin
                0x08003520       0x3c pwrctl.o
                0x08003520                pwrctl_calc_vin
 .text.pwrctl_calc_vout
                0x0800355c       0x3c pwrctl.o
                0x0800355c                pwrctl_calc_vout
 .text.pwrctl_calc_vout_dac
                0x08003598       0x54 pwrctl.o
                0x08003598                pwrctl_calc_vout_dac
 .text.pwrctl_set_vout
                0x080035ec       0x28 pwrctl.o
                0x080035ec                pwrctl_set_vout
 .text.pwrctl_calc_iout
                0x08003614       0x3c pwrctl.o
                0x08003614                pwrctl_calc_iout
 .text.pwrctl_calc_ilimit_adc
                0x08003650       0x48 pwrctl.o
                0x08003650                pwrctl_calc_ilimit_adc
 .text.pwrctl_set_ilimit
                0x08003698       0x1c pwrctl.o
                0x08003698                pwrctl_set_ilimit
 .text.pwrctl_calc_vlimit_adc
                0x080036b4       0x48 pwrctl.o
                0x080036b4                pwrctl_calc_vlimit_adc
 .text.pwrctl_set_vlimit
                0x080036fc       0x1c pwrctl.o
                0x080036fc                pwrctl_set_vlimit
 .text.pwrctl_calc_iout_dac
                0x08003718       0x54 pwrctl.o
                0x08003718                pwrctl_calc_iout_dac
 .text.pwrctl_set_iout
                0x0800376c       0x28 pwrctl.o
                0x0800376c                pwrctl_set_iout
 .text.pwrctl_enable_vout
                0x08003794       0x50 pwrctl.o
                0x08003794                pwrctl_enable_vout
 .text.pwrctl_init
                0x080037e4      0x18c pwrctl.o
                0x080037e4                pwrctl_init
 .text.event_init
                0x08003970       0x24 event.o
                0x08003970                event_init
 .text.event_get
                0x08003994       0x2c event.o
                0x08003994                event_get
 .text.event_put
                0x080039c0       0x10 event.o
                0x080039c0                event_put
 .text.past_find_unit
                0x080039d0       0x3c past.o
 .text.flash_write32
                0x08003a0c       0x24 past.o
 .text.past_erase_unit_at
                0x08003a30       0x48 past.o
 .text.past_garbage_collect
                0x08003a78      0x10c past.o
 .text.past_read_unit
                0x08003b84       0x3c past.o
                0x08003b84                past_read_unit
 .text.past_erase_unit
                0x08003bc0       0x20 past.o
                0x08003bc0                past_erase_unit
 .text.past_format
                0x08003be0       0x60 past.o
                0x08003be0                past_format
 .text.past_init
                0x08003c40       0xa0 past.o
                0x08003c40                past_init
 .text.past_gc_check
                0x08003ce0       0x1c past.o
                0x08003ce0                past_gc_check
 .text.past_write_unit
                0x08003cfc      0x124 past.o
                0x08003cfc                past_write_unit
 .text.systick_init
                0x08003e20       0x1c tick.o
                0x08003e20                systick_init
 .text.delay_ms
                0x08003e3c       0x20 tick.o
                0x08003e3c                delay_ms
 .text.get_ticks
                0x08003e5c        0xc tick.o
                0x08003e5c                get_ticks
 .text.sys_tick_handler
                0x08003e68       0x18 tick.o
                0x08003e68                sys_tick_handler
 .text.tft_init
                0x08003e80       0x16 tft.o
                0x08003e80                tft_init
 .text.tft_clear
                0x08003e96        0x6 tft.o
                0x08003e96                tft_clear
 .text.tft_decode_glyph
                0x08003e9c       0xd8 tft.o
                0x08003e9c                tft_decode_glyph
 .text.tft_blit
                0x08003f74       0x40 tft.o
                0x08003f74                tft_blit
 .text.tft_get_glyph_metrics
                0x08003fb4       0x5c tft.o
                0x08003fb4                tft_get_glyph_metrics
 .text.tft_get_glyph_pixdata
                0x08004010       0x84 tft.o
                0x08004010                tft_get_glyph_pixdata
 .text.tft_fill
                0x08004094       0x94 tft.o
                0x08004094                tft_fill
 .text.tft_putch
                0x08004128       0xd4 tft.o
                0x08004128                tft_putch
 .text.tft_puts
                0x080041fc      0x134 tft.o
                0x080041fc                tft_puts
 .text.tft_rect
                0x08004330       0x5a tft.o
                0x08004330                tft_rect
 *fill*         0x0800438a        0x2 
 .text.tft_invert
                0x0800438c       0x14 tft.o
                0x0800438c                tft_invert
 .text.tft_is_inverted
                0x080043a0        0xc tft.o
                0x080043a0                tft_is_inverted
 .text.spi_init
                0x080043ac       0x74 spi_driver.o
                0x080043ac                spi_init
 .text.spi_dma_transceive
                0x08004420      0x15c spi_driver.o
                0x08004420                spi_dma_transceive
 .text.dma1_channel4_isr
                0x0800457c       0x48 spi_driver.o
                0x0800457c                dma1_channel4_isr
 .text.dma1_channel5_isr
                0x080045c4       0x48 spi_driver.o
                0x080045c4                dma1_channel5_isr
 .text.ringbuf_init
                0x0800460c        0xe ringbuf.o
                0x0800460c                ringbuf_init
 .text.ringbuf_put
                0x0800461a       0x26 ringbuf.o
                0x0800461a                ringbuf_put
 .text.ringbuf_get
                0x08004640       0x26 ringbuf.o
                0x08004640                ringbuf_get
 *fill*         0x08004666        0x2 
 .text.write_data
                0x08004668       0x28 ili9163c.o
 .text.write_data16
                0x08004690       0x28 ili9163c.o
 .text.write_command
                0x080046b8       0x28 ili9163c.o
 .text.color_space
                0x080046e0       0x18 ili9163c.o
 .text.ili9163c_init
                0x080046f8      0x18c ili9163c.o
                0x080046f8                ili9163c_init
 .text.ili9163c_get_geometry
                0x08004884        0xe ili9163c.o
                0x08004884                ili9163c_get_geometry
 .text.ili9163c_invert_display
                0x08004892        0xc ili9163c.o
                0x08004892                ili9163c_invert_display
 *fill*         0x0800489e        0x2 
 .text.ili9163c_boundary_check
                0x080048a0       0x28 ili9163c.o
                0x080048a0                ili9163c_boundary_check
 .text.ili9163c_set_window
                0x080048c8       0x94 ili9163c.o
                0x080048c8                ili9163c_set_window
 .text.ili9163c_draw_vline
                0x0800495c       0x50 ili9163c.o
                0x0800495c                ili9163c_draw_vline
 .text.ili9163c_draw_hline
                0x080049ac       0x48 ili9163c.o
                0x080049ac                ili9163c_draw_hline
 .text.ili9163c_fill_screen
                0x080049f4       0x64 ili9163c.o
                0x080049f4                ili9163c_fill_screen
 .text.ili9163c_set_rotation
                0x08004a58       0x5c ili9163c.o
                0x08004a58                ili9163c_set_rotation
 .text._putc.4327
                0x08004ab4       0x28 mini-printf.o
 .text._puts.4331
                0x08004adc       0x36 mini-printf.o
 .text.mini_itoa.part.0
                0x08004b12       0x8c mini-printf.o
 .text.mini_vsnprintf
                0x08004b9e       0xd2 mini-printf.o
                0x08004b9e                mini_vsnprintf
 .text.mini_snprintf
                0x08004c70       0x1a mini-printf.o
                0x08004c70                mini_snprintf
 *fill*         0x08004c8a        0x2 
 .text.opendps_update_power_status.part.0
                0x08004c8c       0x30 opendps.o
 .text.opendps_get_function_names
                0x08004cbc       0x2c opendps.o
                0x08004cbc                opendps_get_function_names
 .text.opendps_get_curr_function_name
                0x08004ce8       0x14 opendps.o
                0x08004ce8                opendps_get_curr_function_name
 .text.opendps_get_boot_git_hash
                0x08004cfc       0x1c opendps.o
                0x08004cfc                opendps_get_boot_git_hash
 .text.opendps_get_app_git_hash
                0x08004d18       0x1c opendps.o
                0x08004d18                opendps_get_app_git_hash
 .text.opendps_get_curr_function_params
                0x08004d34       0x28 opendps.o
                0x08004d34                opendps_get_curr_function_params
 .text.opendps_get_curr_function_param_value
                0x08004d5c       0x28 opendps.o
                0x08004d5c                opendps_get_curr_function_param_value
 .text.opendps_set_parameter
                0x08004d84       0x30 opendps.o
                0x08004d84                opendps_set_parameter
 .text.opendps_set_calibration
                0x08004db4       0xdc opendps.o
                0x08004db4                opendps_set_calibration
 .text.opendps_clear_calibration
                0x08004e90       0x70 opendps.o
                0x08004e90                opendps_clear_calibration
 .text.opendps_enable_output
                0x08004f00       0x2c opendps.o
                0x08004f00                opendps_enable_output
 .text.opendps_enable_function_idx
                0x08004f2c       0x14 opendps.o
                0x08004f2c                opendps_enable_function_idx
 .text.opendps_lock
                0x08004f40       0x60 opendps.o
                0x08004f40                opendps_lock
 .text.opendps_handle_ping
                0x08004fa0       0x18 opendps.o
                0x08004fa0                opendps_handle_ping
 .text.opendps_update_wifi_status
                0x08004fb8       0x94 opendps.o
                0x08004fb8                opendps_update_wifi_status
 .text.ui_tick  0x0800504c      0x1e4 opendps.o
 .text.opendps_update_power_status
                0x08005230       0x30 opendps.o
                0x08005230                opendps_update_power_status
 .text.main_ui_tick
                0x08005260       0x38 opendps.o
 .text.opendps_upgrade_start
                0x08005298       0x10 opendps.o
                0x08005298                opendps_upgrade_start
 .text.opendps_change_screen
                0x080052a8       0x4c opendps.o
                0x080052a8                opendps_change_screen
 .text.startup.main
                0x080052f4      0x2b4 opendps.o
                0x080052f4                main
 .text.voltage_changed
                0x080055a8       0x10 func_cc.o
 .text.current_changed
                0x080055b8       0x10 func_cc.o
 .text.set_parameter
                0x080055c8       0x84 func_cc.o
 .text.past_restore
                0x0800564c       0x54 func_cc.o
 .text.past_save
                0x080056a0       0x2c func_cc.o
 .text.cc_tick  0x080056cc       0xa4 func_cc.o
 .text.get_parameter
                0x08005770       0x84 func_cc.o
 .text.cc_enable
                0x080057f4       0x6c func_cc.o
 .text.func_cc_init
                0x08005860       0x50 func_cc.o
                0x08005860                func_cc_init
 .text.voltage_changed
                0x080058b0       0x10 func_cl.o
 .text.current_changed
                0x080058c0       0x10 func_cl.o
 .text.set_parameter
                0x080058d0       0x84 func_cl.o
 .text.past_restore
                0x08005954       0x54 func_cl.o
 .text.past_save
                0x080059a8       0x2c func_cl.o
 .text.cl_tick  0x080059d4      0x108 func_cl.o
 .text.deactivated
                0x08005adc       0x28 func_cl.o
 .text.get_parameter
                0x08005b04       0x84 func_cl.o
 .text.cl_enable
                0x08005b88       0x8c func_cl.o
 .text.func_cl_init
                0x08005c14       0x50 func_cl.o
                0x08005c14                func_cl_init
 .text.power_changed
                0x08005c64       0x1c func_dpsmode.o
 .text.watthour_changed
                0x08005c80        0x2 func_dpsmode.o
 *fill*         0x08005c82        0x2 
 .text.determine_focused_item
                0x08005c84       0xac func_dpsmode.o
 .text.voltage_changed
                0x08005d30       0x1c func_dpsmode.o
 .text.current_changed
                0x08005d4c       0x1c func_dpsmode.o
 .text.brightness_changed
                0x08005d68       0x20 func_dpsmode.o
 .text.set_parameter
                0x08005d88       0x84 func_dpsmode.o
 .text.past_restore
                0x08005e0c      0x180 func_dpsmode.o
 .text.past_save
                0x08005f8c      0x108 func_dpsmode.o
 .text.clear_third_region
                0x08006094       0x16 func_dpsmode.o
 *fill*         0x080060aa        0x6 
 .text.dpsmode_tick
                0x080060b0      0x46c func_dpsmode.o
 .text.event    0x0800651c      0x298 func_dpsmode.o
 .text.deactivated
                0x080067b4        0x4 func_dpsmode.o
 .text.timer_changed
                0x080067b8       0x44 func_dpsmode.o
 .text.get_parameter
                0x080067fc       0x84 func_dpsmode.o
 .text.activated
                0x08006880       0x38 func_dpsmode.o
 .text.dpsmode_enable
                0x080068b8       0xe0 func_dpsmode.o
 .text.func_dpsmode_init
                0x08006998       0x84 func_dpsmode.o
                0x08006998                func_dpsmode_init
 .text.square_gen
                0x08006a1c       0x18 func_gen.o
 .text.saw_gen  0x08006a34       0x24 func_gen.o
 .text.voltage_changed
                0x08006a58        0x2 func_gen.o
 *fill*         0x08006a5a        0x2 
 .text.func_changed
                0x08006a5c       0x18 func_gen.o
 .text.past_restore
                0x08006a74       0x64 func_gen.o
 .text.past_save
                0x08006ad8       0x58 func_gen.o
 .text.func_gen_tick
                0x08006b30       0x40 func_gen.o
 .text.func_gen
                0x08006b70       0x28 func_gen.o
 .text.deactivated
                0x08006b98        0x4 func_gen.o
 .text.activated
                0x08006b9c       0x7c func_gen.o
 .text.sin_gen  0x08006c18       0x7c func_gen.o
 .text.get_parameter
                0x08006c94       0x8c func_gen.o
 .text.funcgen_enable
                0x08006d20       0xd8 func_gen.o
 .text.frequency_changed
                0x08006df8       0x50 func_gen.o
 .text.set_parameter
                0x08006e48       0xb0 func_gen.o
 .text.func_gen_init
                0x08006ef8       0x60 func_gen.o
                0x08006ef8                func_gen_init
 .text.icon_get_value
                0x08006f58        0x8 uui_icon.o
 .text.icon_got_event
                0x08006f60       0x38 uui_icon.o
 .text.icon_draw
                0x08006f98       0x46 uui_icon.o
 *fill*         0x08006fde        0x2 
 .text.icon_init
                0x08006fe0       0x2c uui_icon.o
                0x08006fe0                icon_init
 .text.set_frame_header
                0x0800700c       0x16 uframe.o
                0x0800700c                set_frame_header
 .text.start_frame_unpacking
                0x08007022        0x8 uframe.o
                0x08007022                start_frame_unpacking
 .text.pack8    0x0800702a       0x42 uframe.o
                0x0800702a                pack8
 .text.stuff8   0x0800706c       0x34 uframe.o
                0x0800706c                stuff8
 .text.pack16   0x080070a0       0x18 uframe.o
                0x080070a0                pack16
 .text.pack32   0x080070b8       0x2c uframe.o
                0x080070b8                pack32
 .text.pack_float
                0x080070e4        0x4 uframe.o
                0x080070e4                pack_float
 .text.pack_cstr
                0x080070e8       0x1c uframe.o
                0x080070e8                pack_cstr
 .text.end_frame
                0x08007104       0x2c uframe.o
                0x08007104                end_frame
 .text.unpack8  0x08007130       0x24 uframe.o
                0x08007130                unpack8
 .text.unpack16
                0x08007154       0x32 uframe.o
                0x08007154                unpack16
 .text.uframe_extract_payload
                0x08007186       0x86 uframe.o
                0x08007186                uframe_extract_payload
 .text.protocol_create_response
                0x0800720c       0x28 protocol.o
                0x0800720c                protocol_create_response
 .text.protocol_unpack_wifi_status
                0x08007234       0x34 protocol.o
                0x08007234                protocol_unpack_wifi_status
 .text.protocol_unpack_lock
                0x08007268       0x3e protocol.o
                0x08007268                protocol_unpack_lock
 .text.protocol_unpack_upgrade_start
                0x080072a6       0x40 protocol.o
                0x080072a6                protocol_unpack_upgrade_start
 *fill*         0x080072e6        0x2 
 .text.send_frame
                0x080072e8       0x24 protocol_handler.o
 .text.handle_frame.constprop.0
                0x0800730c      0x5ac protocol_handler.o
 .text.serial_handle_rx_char
                0x080078b8       0x48 protocol_handler.o
                0x080078b8                serial_handle_rx_char
 .text.adc_power_on
                0x08007900       0x10 /home/pi/proj/opendpscolorsamefont/libopencm3/lib/libopencm3_stm32f1.a(adc.o)
                0x08007900                adc_power_on
 .text.adc_enable_external_trigger_injected
                0x08007910       0x14 /home/pi/proj/opendpscolorsamefont/libopencm3/lib/libopencm3_stm32f1.a(adc.o)
                0x08007910                adc_enable_external_trigger_injected
 .text.adc_reset_calibration
                0x08007924       0x14 /home/pi/proj/opendpscolorsamefont/libopencm3/lib/libopencm3_stm32f1.a(adc.o)
                0x08007924                adc_reset_calibration
 .text.adc_calibrate_async
                0x08007938        0xa /home/pi/proj/opendpscolorsamefont/libopencm3/lib/libopencm3_stm32f1.a(adc.o)
                0x08007938                adc_calibrate_async
 .text.adc_is_calibrating
                0x08007942        0x8 /home/pi/proj/opendpscolorsamefont/libopencm3/lib/libopencm3_stm32f1.a(adc.o)
                0x08007942                adc_is_calibrating
 .text.adc_calibrate
                0x0800794a       0x14 /home/pi/proj/opendpscolorsamefont/libopencm3/lib/libopencm3_stm32f1.a(adc.o)
                0x0800794a                adc_calibrate
 .text.adc_set_sample_time_on_all_channels
                0x0800795e       0x2a /home/pi/proj/opendpscolorsamefont/libopencm3/lib/libopencm3_stm32f1.a(adc.o)
                0x0800795e                adc_set_sample_time_on_all_channels
 .text.adc_power_off
                0x08007988        0xa /home/pi/proj/opendpscolorsamefont/libopencm3/lib/libopencm3_stm32f1.a(adc_common_v1.o)
                0x08007988                adc_power_off
 .text.adc_enable_scan_mode
                0x08007992        0xa /home/pi/proj/opendpscolorsamefont/libopencm3/lib/libopencm3_stm32f1.a(adc_common_v1.o)
                0x08007992                adc_enable_scan_mode
 .text.adc_enable_eoc_interrupt_injected
                0x0800799c        0xa /home/pi/proj/opendpscolorsamefont/libopencm3/lib/libopencm3_stm32f1.a(adc_common_v1.o)
                0x0800799c                adc_enable_eoc_interrupt_injected
 .text.adc_set_right_aligned
                0x080079a6        0xa /home/pi/proj/opendpscolorsamefont/libopencm3/lib/libopencm3_stm32f1.a(adc_common_v1.o)
                0x080079a6                adc_set_right_aligned
 .text.adc_read_injected
                0x080079b0       0x22 /home/pi/proj/opendpscolorsamefont/libopencm3/lib/libopencm3_stm32f1.a(adc_common_v1.o)
                0x080079b0                adc_read_injected
 .text.adc_set_single_conversion_mode
                0x080079d2        0xa /home/pi/proj/opendpscolorsamefont/libopencm3/lib/libopencm3_stm32f1.a(adc_common_v1.o)
                0x080079d2                adc_set_single_conversion_mode
 .text.adc_set_injected_sequence
                0x080079dc       0x26 /home/pi/proj/opendpscolorsamefont/libopencm3/lib/libopencm3_stm32f1.a(adc_common_v1.o)
                0x080079dc                adc_set_injected_sequence
 *fill*         0x08007a02        0x2 
 .text.flash_get_status_flags
                0x08007a04       0x28 /home/pi/proj/opendpscolorsamefont/libopencm3/lib/libopencm3_stm32f1.a(flash.o)
                0x08007a04                flash_get_status_flags
 .text.flash_program_half_word
                0x08007a2c       0x64 /home/pi/proj/opendpscolorsamefont/libopencm3/lib/libopencm3_stm32f1.a(flash.o)
                0x08007a2c                flash_program_half_word
 .text.flash_erase_page
                0x08007a90       0x7c /home/pi/proj/opendpscolorsamefont/libopencm3/lib/libopencm3_stm32f1.a(flash.o)
                0x08007a90                flash_erase_page
 .text.gpio_set_mode
                0x08007b0c       0x5e /home/pi/proj/opendpscolorsamefont/libopencm3/lib/libopencm3_stm32f1.a(gpio.o)
                0x08007b0c                gpio_set_mode
 *fill*         0x08007b6a        0x2 
 .text.rcc_osc_on.part.0
                0x08007b6c       0x10 /home/pi/proj/opendpscolorsamefont/libopencm3/lib/libopencm3_stm32f1.a(rcc.o)
 .text.rcc_is_osc_ready
                0x08007b7c       0x5c /home/pi/proj/opendpscolorsamefont/libopencm3/lib/libopencm3_stm32f1.a(rcc.o)
                0x08007b7c                rcc_is_osc_ready
 .text.rcc_wait_for_osc_ready
                0x08007bd8       0x10 /home/pi/proj/opendpscolorsamefont/libopencm3/lib/libopencm3_stm32f1.a(rcc.o)
                0x08007bd8                rcc_wait_for_osc_ready
 .text.rcc_osc_on
                0x08007be8       0x54 /home/pi/proj/opendpscolorsamefont/libopencm3/lib/libopencm3_stm32f1.a(rcc.o)
                0x08007be8                rcc_osc_on
 .text.rcc_set_sysclk_source
                0x08007c3c       0x14 /home/pi/proj/opendpscolorsamefont/libopencm3/lib/libopencm3_stm32f1.a(rcc.o)
                0x08007c3c                rcc_set_sysclk_source
 .text.rcc_set_pll_multiplication_factor
                0x08007c50       0x14 /home/pi/proj/opendpscolorsamefont/libopencm3/lib/libopencm3_stm32f1.a(rcc.o)
                0x08007c50                rcc_set_pll_multiplication_factor
 .text.rcc_set_pll_source
                0x08007c64       0x14 /home/pi/proj/opendpscolorsamefont/libopencm3/lib/libopencm3_stm32f1.a(rcc.o)
                0x08007c64                rcc_set_pll_source
 .text.rcc_set_adcpre
                0x08007c78       0x14 /home/pi/proj/opendpscolorsamefont/libopencm3/lib/libopencm3_stm32f1.a(rcc.o)
                0x08007c78                rcc_set_adcpre
 .text.rcc_set_ppre2
                0x08007c8c       0x14 /home/pi/proj/opendpscolorsamefont/libopencm3/lib/libopencm3_stm32f1.a(rcc.o)
                0x08007c8c                rcc_set_ppre2
 .text.rcc_set_ppre1
                0x08007ca0       0x14 /home/pi/proj/opendpscolorsamefont/libopencm3/lib/libopencm3_stm32f1.a(rcc.o)
                0x08007ca0                rcc_set_ppre1
 .text.rcc_set_hpre
                0x08007cb4       0x14 /home/pi/proj/opendpscolorsamefont/libopencm3/lib/libopencm3_stm32f1.a(rcc.o)
                0x08007cb4                rcc_set_hpre
 .text.rcc_clock_setup_in_hsi_out_48mhz
                0x08007cc8       0x84 /home/pi/proj/opendpscolorsamefont/libopencm3/lib/libopencm3_stm32f1.a(rcc.o)
                0x08007cc8                rcc_clock_setup_in_hsi_out_48mhz
 .text.dma_channel_reset
                0x08007d4c       0x22 /home/pi/proj/opendpscolorsamefont/libopencm3/lib/libopencm3_stm32f1.a(dma_common_l1f013.o)
                0x08007d4c                dma_channel_reset
 .text.dma_set_priority
                0x08007d6e       0x1a /home/pi/proj/opendpscolorsamefont/libopencm3/lib/libopencm3_stm32f1.a(dma_common_l1f013.o)
                0x08007d6e                dma_set_priority
 .text.dma_set_memory_size
                0x08007d88       0x1a /home/pi/proj/opendpscolorsamefont/libopencm3/lib/libopencm3_stm32f1.a(dma_common_l1f013.o)
                0x08007d88                dma_set_memory_size
 .text.dma_set_peripheral_size
                0x08007da2       0x1a /home/pi/proj/opendpscolorsamefont/libopencm3/lib/libopencm3_stm32f1.a(dma_common_l1f013.o)
                0x08007da2                dma_set_peripheral_size
 .text.dma_enable_memory_increment_mode
                0x08007dbc       0x12 /home/pi/proj/opendpscolorsamefont/libopencm3/lib/libopencm3_stm32f1.a(dma_common_l1f013.o)
                0x08007dbc                dma_enable_memory_increment_mode
 .text.dma_set_read_from_peripheral
                0x08007dce       0x12 /home/pi/proj/opendpscolorsamefont/libopencm3/lib/libopencm3_stm32f1.a(dma_common_l1f013.o)
                0x08007dce                dma_set_read_from_peripheral
 .text.dma_set_read_from_memory
                0x08007de0       0x12 /home/pi/proj/opendpscolorsamefont/libopencm3/lib/libopencm3_stm32f1.a(dma_common_l1f013.o)
                0x08007de0                dma_set_read_from_memory
 .text.dma_enable_transfer_complete_interrupt
                0x08007df2       0x12 /home/pi/proj/opendpscolorsamefont/libopencm3/lib/libopencm3_stm32f1.a(dma_common_l1f013.o)
                0x08007df2                dma_enable_transfer_complete_interrupt
 .text.dma_disable_transfer_complete_interrupt
                0x08007e04       0x12 /home/pi/proj/opendpscolorsamefont/libopencm3/lib/libopencm3_stm32f1.a(dma_common_l1f013.o)
                0x08007e04                dma_disable_transfer_complete_interrupt
 .text.dma_enable_channel
                0x08007e16       0x12 /home/pi/proj/opendpscolorsamefont/libopencm3/lib/libopencm3_stm32f1.a(dma_common_l1f013.o)
                0x08007e16                dma_enable_channel
 .text.dma_disable_channel
                0x08007e28       0x12 /home/pi/proj/opendpscolorsamefont/libopencm3/lib/libopencm3_stm32f1.a(dma_common_l1f013.o)
                0x08007e28                dma_disable_channel
 .text.dma_set_peripheral_address
                0x08007e3a       0x12 /home/pi/proj/opendpscolorsamefont/libopencm3/lib/libopencm3_stm32f1.a(dma_common_l1f013.o)
                0x08007e3a                dma_set_peripheral_address
 .text.dma_set_memory_address
                0x08007e4c       0x12 /home/pi/proj/opendpscolorsamefont/libopencm3/lib/libopencm3_stm32f1.a(dma_common_l1f013.o)
                0x08007e4c                dma_set_memory_address
 .text.dma_set_number_of_data
                0x08007e5e        0xc /home/pi/proj/opendpscolorsamefont/libopencm3/lib/libopencm3_stm32f1.a(dma_common_l1f013.o)
                0x08007e5e                dma_set_number_of_data
 .text.gpio_set
                0x08007e6a        0x4 /home/pi/proj/opendpscolorsamefont/libopencm3/lib/libopencm3_stm32f1.a(gpio_common_all.o)
                0x08007e6a                gpio_set
 .text.gpio_clear
                0x08007e6e        0x6 /home/pi/proj/opendpscolorsamefont/libopencm3/lib/libopencm3_stm32f1.a(gpio_common_all.o)
                0x08007e6e                gpio_clear
 .text.gpio_get
                0x08007e74        0x6 /home/pi/proj/opendpscolorsamefont/libopencm3/lib/libopencm3_stm32f1.a(gpio_common_all.o)
                0x08007e74                gpio_get
 *fill*         0x08007e7a        0x2 
 .text.spi_reset
                0x08007e7c       0x30 /home/pi/proj/opendpscolorsamefont/libopencm3/lib/libopencm3_stm32f1.a(spi_common_all.o)
                0x08007e7c                spi_reset
 .text.spi_enable
                0x08007eac        0xa /home/pi/proj/opendpscolorsamefont/libopencm3/lib/libopencm3_stm32f1.a(spi_common_all.o)
                0x08007eac                spi_enable
 .text.spi_enable_software_slave_management
                0x08007eb6       0x12 /home/pi/proj/opendpscolorsamefont/libopencm3/lib/libopencm3_stm32f1.a(spi_common_all.o)
                0x08007eb6                spi_enable_software_slave_management
 .text.spi_set_nss_high
                0x08007ec8        0xa /home/pi/proj/opendpscolorsamefont/libopencm3/lib/libopencm3_stm32f1.a(spi_common_all.o)
                0x08007ec8                spi_set_nss_high
 .text.spi_enable_tx_dma
                0x08007ed2        0xa /home/pi/proj/opendpscolorsamefont/libopencm3/lib/libopencm3_stm32f1.a(spi_common_all.o)
                0x08007ed2                spi_enable_tx_dma
 .text.spi_disable_tx_dma
                0x08007edc        0xa /home/pi/proj/opendpscolorsamefont/libopencm3/lib/libopencm3_stm32f1.a(spi_common_all.o)
                0x08007edc                spi_disable_tx_dma
 .text.spi_enable_rx_dma
                0x08007ee6        0xa /home/pi/proj/opendpscolorsamefont/libopencm3/lib/libopencm3_stm32f1.a(spi_common_all.o)
                0x08007ee6                spi_enable_rx_dma
 .text.spi_disable_rx_dma
                0x08007ef0        0xa /home/pi/proj/opendpscolorsamefont/libopencm3/lib/libopencm3_stm32f1.a(spi_common_all.o)
                0x08007ef0                spi_disable_rx_dma
 .text.spi_init_master
                0x08007efa       0x28 /home/pi/proj/opendpscolorsamefont/libopencm3/lib/libopencm3_stm32f1.a(spi_common_l1f124.o)
                0x08007efa                spi_init_master
 .text.timer_enable_irq
                0x08007f22        0x8 /home/pi/proj/opendpscolorsamefont/libopencm3/lib/libopencm3_stm32f1.a(timer_common_all.o)
                0x08007f22                timer_enable_irq
 .text.timer_get_flag
                0x08007f2a        0xc /home/pi/proj/opendpscolorsamefont/libopencm3/lib/libopencm3_stm32f1.a(timer_common_all.o)
                0x08007f2a                timer_get_flag
 .text.timer_clear_flag
                0x08007f36        0x6 /home/pi/proj/opendpscolorsamefont/libopencm3/lib/libopencm3_stm32f1.a(timer_common_all.o)
                0x08007f36                timer_clear_flag
 .text.timer_set_mode
                0x08007f3c       0x12 /home/pi/proj/opendpscolorsamefont/libopencm3/lib/libopencm3_stm32f1.a(timer_common_all.o)
                0x08007f3c                timer_set_mode
 .text.timer_set_clock_division
                0x08007f4e       0x14 /home/pi/proj/opendpscolorsamefont/libopencm3/lib/libopencm3_stm32f1.a(timer_common_all.o)
                0x08007f4e                timer_set_clock_division
 .text.timer_enable_counter
                0x08007f62        0xa /home/pi/proj/opendpscolorsamefont/libopencm3/lib/libopencm3_stm32f1.a(timer_common_all.o)
                0x08007f62                timer_enable_counter
 .text.timer_set_master_mode
                0x08007f6c       0x10 /home/pi/proj/opendpscolorsamefont/libopencm3/lib/libopencm3_stm32f1.a(timer_common_all.o)
                0x08007f6c                timer_set_master_mode
 .text.timer_set_prescaler
                0x08007f7c        0x4 /home/pi/proj/opendpscolorsamefont/libopencm3/lib/libopencm3_stm32f1.a(timer_common_all.o)
                0x08007f7c                timer_set_prescaler
 .text.timer_set_period
                0x08007f80        0x4 /home/pi/proj/opendpscolorsamefont/libopencm3/lib/libopencm3_stm32f1.a(timer_common_all.o)
                0x08007f80                timer_set_period
 .text.timer_get_counter
                0x08007f84        0x4 /home/pi/proj/opendpscolorsamefont/libopencm3/lib/libopencm3_stm32f1.a(timer_common_all.o)
                0x08007f84                timer_get_counter
 .text.usart_set_baudrate
                0x08007f88       0x28 /home/pi/proj/opendpscolorsamefont/libopencm3/lib/libopencm3_stm32f1.a(usart_common_all.o)
                0x08007f88                usart_set_baudrate
 .text.usart_set_databits
                0x08007fb0       0x12 /home/pi/proj/opendpscolorsamefont/libopencm3/lib/libopencm3_stm32f1.a(usart_common_all.o)
                0x08007fb0                usart_set_databits
 .text.usart_set_stopbits
                0x08007fc2        0xc /home/pi/proj/opendpscolorsamefont/libopencm3/lib/libopencm3_stm32f1.a(usart_common_all.o)
                0x08007fc2                usart_set_stopbits
 .text.usart_set_parity
                0x08007fce        0xc /home/pi/proj/opendpscolorsamefont/libopencm3/lib/libopencm3_stm32f1.a(usart_common_all.o)
                0x08007fce                usart_set_parity
 .text.usart_set_mode
                0x08007fda        0xc /home/pi/proj/opendpscolorsamefont/libopencm3/lib/libopencm3_stm32f1.a(usart_common_all.o)
                0x08007fda                usart_set_mode
 .text.usart_set_flow_control
                0x08007fe6        0xc /home/pi/proj/opendpscolorsamefont/libopencm3/lib/libopencm3_stm32f1.a(usart_common_all.o)
                0x08007fe6                usart_set_flow_control
 .text.usart_enable
                0x08007ff2        0xa /home/pi/proj/opendpscolorsamefont/libopencm3/lib/libopencm3_stm32f1.a(usart_common_all.o)
                0x08007ff2                usart_enable
 .text.usart_send_blocking
                0x08007ffc       0x16 /home/pi/proj/opendpscolorsamefont/libopencm3/lib/libopencm3_stm32f1.a(usart_common_all.o)
                0x08007ffc                usart_send_blocking
 .text.usart_send
                0x08008012        0x8 /home/pi/proj/opendpscolorsamefont/libopencm3/lib/libopencm3_stm32f1.a(usart_common_f124.o)
                0x08008012                usart_send
 .text.usart_recv
                0x0800801a        0x8 /home/pi/proj/opendpscolorsamefont/libopencm3/lib/libopencm3_stm32f1.a(usart_common_f124.o)
                0x0800801a                usart_recv
 .text.usart_wait_send_ready
                0x08008022        0x8 /home/pi/proj/opendpscolorsamefont/libopencm3/lib/libopencm3_stm32f1.a(usart_common_f124.o)
                0x08008022                usart_wait_send_ready
 .text.rcc_periph_clock_enable
                0x0800802a       0x1c /home/pi/proj/opendpscolorsamefont/libopencm3/lib/libopencm3_stm32f1.a(rcc_common_all.o)
                0x0800802a                rcc_periph_clock_enable
 .text.rcc_periph_reset_pulse
                0x08008046       0x24 /home/pi/proj/opendpscolorsamefont/libopencm3/lib/libopencm3_stm32f1.a(rcc_common_all.o)
                0x08008046                rcc_periph_reset_pulse
 *fill*         0x0800806a        0x2 
 .text.exti_set_trigger
                0x0800806c       0x38 /home/pi/proj/opendpscolorsamefont/libopencm3/lib/libopencm3_stm32f1.a(exti_common_all.o)
                0x0800806c                exti_set_trigger
 .text.exti_enable_request
                0x080080a4       0x14 /home/pi/proj/opendpscolorsamefont/libopencm3/lib/libopencm3_stm32f1.a(exti_common_all.o)
                0x080080a4                exti_enable_request
 .text.exti_reset_request
                0x080080b8        0xc /home/pi/proj/opendpscolorsamefont/libopencm3/lib/libopencm3_stm32f1.a(exti_common_all.o)
                0x080080b8                exti_reset_request
 .text.exti_get_flag_status
                0x080080c4        0xc /home/pi/proj/opendpscolorsamefont/libopencm3/lib/libopencm3_stm32f1.a(exti_common_all.o)
                0x080080c4                exti_get_flag_status
 .text.exti_select_source
                0x080080d0       0xa0 /home/pi/proj/opendpscolorsamefont/libopencm3/lib/libopencm3_stm32f1.a(exti_common_all.o)
                0x080080d0                exti_select_source
 .text.flash_set_ws
                0x08008170       0x14 /home/pi/proj/opendpscolorsamefont/libopencm3/lib/libopencm3_stm32f1.a(flash_common_f01.o)
                0x08008170                flash_set_ws
 .text.flash_unlock
                0x08008184       0x24 /home/pi/proj/opendpscolorsamefont/libopencm3/lib/libopencm3_stm32f1.a(flash_common_f01.o)
                0x08008184                flash_unlock
 .text.flash_lock
                0x080081a8       0x10 /home/pi/proj/opendpscolorsamefont/libopencm3/lib/libopencm3_stm32f1.a(flash_common_f01.o)
                0x080081a8                flash_lock
 .text.flash_wait_for_last_operation
                0x080081b8        0xc /home/pi/proj/opendpscolorsamefont/libopencm3/lib/libopencm3_stm32f1.a(flash_common_f01.o)
                0x080081b8                flash_wait_for_last_operation
 .text.flash_program_word
                0x080081c4       0x18 /home/pi/proj/opendpscolorsamefont/libopencm3/lib/libopencm3_stm32f1.a(flash_common_f01.o)
                0x080081c4                flash_program_word
 .text.blocking_handler
                0x080081dc        0x2 /home/pi/proj/opendpscolorsamefont/libopencm3/lib/libopencm3_stm32f1.a(vector.o)
                0x080081dc                usart3_isr
                0x080081dc                rtc_isr
                0x080081dc                tim7_isr
                0x080081dc                tim1_trg_com_isr
                0x080081dc                usb_hp_can_tx_isr
                0x080081dc                tim6_isr
                0x080081dc                usb_wakeup_isr
                0x080081dc                blocking_handler
                0x080081dc                tim5_isr
                0x080081dc                otg_fs_isr
                0x080081dc                spi1_isr
                0x080081dc                dma1_channel6_isr
                0x080081dc                can_rx1_isr
                0x080081dc                dma2_channel5_isr
                0x080081dc                usage_fault_handler
                0x080081dc                tim8_trg_com_isr
                0x080081dc                can2_rx0_isr
                0x080081dc                tim1_brk_isr
                0x080081dc                can2_rx1_isr
                0x080081dc                tim1_cc_isr
                0x080081dc                sdio_isr
                0x080081dc                eth_isr
                0x080081dc                tim8_brk_isr
                0x080081dc                dma2_channel4_5_isr
                0x080081dc                pvd_isr
                0x080081dc                rcc_isr
                0x080081dc                flash_isr
                0x080081dc                uart4_isr
                0x080081dc                rtc_alarm_isr
                0x080081dc                exti15_10_isr
                0x080081dc                hard_fault_handler
                0x080081dc                i2c1_ev_isr
                0x080081dc                dma2_channel1_isr
                0x080081dc                spi2_isr
                0x080081dc                tim8_up_isr
                0x080081dc                dma2_channel2_isr
                0x080081dc                adc3_isr
                0x080081dc                usart2_isr
                0x080081dc                usb_lp_can_rx0_isr
                0x080081dc                i2c2_er_isr
                0x080081dc                i2c2_ev_isr
                0x080081dc                uart5_isr
                0x080081dc                fsmc_isr
                0x080081dc                dma1_channel1_isr
                0x080081dc                mem_manage_handler
                0x080081dc                can2_tx_isr
                0x080081dc                dma2_channel3_isr
                0x080081dc                dma1_channel7_isr
                0x080081dc                tim1_up_isr
                0x080081dc                can2_sce_isr
                0x080081dc                tim4_isr
                0x080081dc                dma1_channel2_isr
                0x080081dc                i2c1_er_isr
                0x080081dc                can_sce_isr
                0x080081dc                tim8_cc_isr
                0x080081dc                tamper_isr
                0x080081dc                eth_wkup_isr
                0x080081dc                bus_fault_handler
                0x080081dc                wwdg_isr
                0x080081dc                dma1_channel3_isr
                0x080081dc                spi3_isr
                0x080081dc                tim2_isr
                0x080081dc                exti0_isr
 .text.null_handler
                0x080081de        0x2 /home/pi/proj/opendpscolorsamefont/libopencm3/lib/libopencm3_stm32f1.a(vector.o)
                0x080081de                null_handler
                0x080081de                sv_call_handler
                0x080081de                pend_sv_handler
                0x080081de                debug_monitor_handler
                0x080081de                nmi_handler
 .text.reset_handler
                0x080081e0       0x8c /home/pi/proj/opendpscolorsamefont/libopencm3/lib/libopencm3_stm32f1.a(vector.o)
                0x080081e0                reset_handler
 .text.systick_set_reload
                0x0800826c       0x10 /home/pi/proj/opendpscolorsamefont/libopencm3/lib/libopencm3_stm32f1.a(systick.o)
                0x0800826c                systick_set_reload
 .text.systick_set_clocksource
                0x0800827c       0x18 /home/pi/proj/opendpscolorsamefont/libopencm3/lib/libopencm3_stm32f1.a(systick.o)
                0x0800827c                systick_set_clocksource
 .text.systick_interrupt_enable
                0x08008294       0x10 /home/pi/proj/opendpscolorsamefont/libopencm3/lib/libopencm3_stm32f1.a(systick.o)
                0x08008294                systick_interrupt_enable
 .text.systick_counter_enable
                0x080082a4       0x10 /home/pi/proj/opendpscolorsamefont/libopencm3/lib/libopencm3_stm32f1.a(systick.o)
                0x080082a4                systick_counter_enable
 .text.scb_reset_system
                0x080082b4       0x10 /home/pi/proj/opendpscolorsamefont/libopencm3/lib/libopencm3_stm32f1.a(scb.o)
                0x080082b4                scb_reset_system
 .text.nvic_enable_irq
                0x080082c4       0x1a /home/pi/proj/opendpscolorsamefont/libopencm3/lib/libopencm3_stm32f1.a(nvic.o)
                0x080082c4                nvic_enable_irq
 *fill*         0x080082de        0x2 
 .text.nvic_set_priority
                0x080082e0       0x20 /home/pi/proj/opendpscolorsamefont/libopencm3/lib/libopencm3_stm32f1.a(nvic.o)
                0x080082e0                nvic_set_priority
 .text.atoi     0x08008300        0x8 /usr/bin/../lib/gcc/arm-none-eabi/9.2.1/../../../../arm-none-eabi/lib/thumb/v7-m/nofp/libc.a(lib_a-atoi.o)
                0x08008300                atoi
 .text          0x08008308       0xec /usr/bin/../lib/gcc/arm-none-eabi/9.2.1/../../../../arm-none-eabi/lib/thumb/v7-m/nofp/libc.a(lib_a-memcpy.o)
                0x08008308                memcpy
 .text.memset   0x080083f4       0xa0 /usr/bin/../lib/gcc/arm-none-eabi/9.2.1/../../../../arm-none-eabi/lib/thumb/v7-m/nofp/libc.a(lib_a-memset.o)
                0x080083f4                memset
 .text          0x08008494      0x1bc /usr/bin/../lib/gcc/arm-none-eabi/9.2.1/../../../../arm-none-eabi/lib/thumb/v7-m/nofp/libc.a(lib_a-strcmp.o)
                0x08008494                strcmp
 .text.strlen   0x08008650       0x5c /usr/bin/../lib/gcc/arm-none-eabi/9.2.1/../../../../arm-none-eabi/lib/thumb/v7-m/nofp/libc.a(lib_a-strlen-stub.o)
                0x08008650                strlen
 .text.strncmp  0x080086ac       0x7c /usr/bin/../lib/gcc/arm-none-eabi/9.2.1/../../../../arm-none-eabi/lib/thumb/v7-m/nofp/libc.a(lib_a-strncmp.o)
                0x080086ac                strncmp
 .text._strtol_l.isra.0
                0x08008728      0x110 /usr/bin/../lib/gcc/arm-none-eabi/9.2.1/../../../../arm-none-eabi/lib/thumb/v7-m/nofp/libc.a(lib_a-strtol.o)
 .text.strtol   0x08008838       0x18 /usr/bin/../lib/gcc/arm-none-eabi/9.2.1/../../../../arm-none-eabi/lib/thumb/v7-m/nofp/libc.a(lib_a-strtol.o)
                0x08008838                strtol
 .text          0x08008850      0x378 /usr/bin/../lib/gcc/arm-none-eabi/9.2.1/thumb/v7-m/nofp/libgcc.a(_arm_addsubdf3.o)
                0x08008850                __aeabi_drsub
                0x08008858                __aeabi_dsub
                0x08008858                __subdf3
                0x0800885c                __adddf3
                0x0800885c                __aeabi_dadd
                0x08008ad4                __aeabi_ui2d
                0x08008ad4                __floatunsidf
                0x08008af4                __floatsidf
                0x08008af4                __aeabi_i2d
                0x08008b18                __extendsfdf2
                0x08008b18                __aeabi_f2d
                0x08008b5c                __aeabi_ul2d
                0x08008b5c                __floatundidf
                0x08008b6c                __floatdidf
                0x08008b6c                __aeabi_l2d
 .text          0x08008bc8      0x424 /usr/bin/../lib/gcc/arm-none-eabi/9.2.1/thumb/v7-m/nofp/libgcc.a(_arm_muldivdf3.o)
                0x08008bc8                __aeabi_dmul
                0x08008bc8                __muldf3
                0x08008e1c                __aeabi_ddiv
                0x08008e1c                __divdf3
 .text          0x08008fec       0x50 /usr/bin/../lib/gcc/arm-none-eabi/9.2.1/thumb/v7-m/nofp/libgcc.a(_arm_fixdfsi.o)
                0x08008fec                __fixdfsi
                0x08008fec                __aeabi_d2iz
 .text          0x0800903c       0x40 /usr/bin/../lib/gcc/arm-none-eabi/9.2.1/thumb/v7-m/nofp/libgcc.a(_arm_fixunsdfsi.o)
                0x0800903c                __fixunsdfsi
                0x0800903c                __aeabi_d2uiz
 .text          0x0800907c      0x21c /usr/bin/../lib/gcc/arm-none-eabi/9.2.1/thumb/v7-m/nofp/libgcc.a(_arm_addsubsf3.o)
                0x0800907c                __aeabi_frsub
                0x08009084                __subsf3
                0x08009084                __aeabi_fsub
                0x08009088                __aeabi_fadd
                0x08009088                __addsf3
                0x080091e8                __aeabi_ui2f
                0x080091e8                __floatunsisf
                0x080091f0                __aeabi_i2f
                0x080091f0                __floatsisf
                0x0800920c                __floatundisf
                0x0800920c                __aeabi_ul2f
                0x0800921c                __floatdisf
                0x0800921c                __aeabi_l2f
 .text          0x08009298      0x2a0 /usr/bin/../lib/gcc/arm-none-eabi/9.2.1/thumb/v7-m/nofp/libgcc.a(_arm_muldivsf3.o)
                0x08009298                __mulsf3
                0x08009298                __aeabi_fmul
                0x08009400                __divsf3
                0x08009400                __aeabi_fdiv
 .text          0x08009538       0xec /usr/bin/../lib/gcc/arm-none-eabi/9.2.1/thumb/v7-m/nofp/libgcc.a(_arm_cmpsf2.o)
                0x08009538                __gtsf2
                0x08009538                __gesf2
                0x08009540                __lesf2
                0x08009540                __ltsf2
                0x08009548                __nesf2
                0x08009548                __eqsf2
                0x08009548                __cmpsf2
                0x080095a8                __aeabi_cfrcmple
                0x080095b0                __aeabi_cfcmple
                0x080095b0                __aeabi_cfcmpeq
                0x080095c0                __aeabi_fcmpeq
                0x080095d4                __aeabi_fcmplt
                0x080095e8                __aeabi_fcmple
                0x080095fc                __aeabi_fcmpge
                0x08009610                __aeabi_fcmpgt
 .text          0x08009624       0x4c /usr/bin/../lib/gcc/arm-none-eabi/9.2.1/thumb/v7-m/nofp/libgcc.a(_arm_fixsfsi.o)
                0x08009624                __fixsfsi
                0x08009624                __aeabi_f2iz
 .text          0x08009670       0x40 /usr/bin/../lib/gcc/arm-none-eabi/9.2.1/thumb/v7-m/nofp/libgcc.a(_arm_fixunssfsi.o)
                0x08009670                __aeabi_f2uiz
                0x08009670                __fixunssfsi
 .text          0x080096b0       0xa0 /usr/bin/../lib/gcc/arm-none-eabi/9.2.1/thumb/v7-m/nofp/libgcc.a(_aeabi_ldivmod.o)
                0x080096b0                __aeabi_ldivmod
 .text          0x08009750       0x30 /usr/bin/../lib/gcc/arm-none-eabi/9.2.1/thumb/v7-m/nofp/libgcc.a(_aeabi_uldivmod.o)
                0x08009750                __aeabi_uldivmod
 .text          0x08009780      0x2c4 /usr/bin/../lib/gcc/arm-none-eabi/9.2.1/thumb/v7-m/nofp/libgcc.a(_udivmoddi4.o)
                0x08009780                __udivmoddi4
 .text          0x08009a44        0x4 /usr/bin/../lib/gcc/arm-none-eabi/9.2.1/thumb/v7-m/nofp/libgcc.a(_dvmd_tls.o)
                0x08009a44                __aeabi_ldiv0
                0x08009a44                __aeabi_idiv0
                0x08009a48                . = ALIGN (0x4)
 *(.rodata*)
 .rodata.number_draw.str1.1
                0x08009a48        0x9 uui_number.o
 .rodata.set_parameter.str1.1
                0x08009a51       0x14 func_cv.o
 .rodata.get_parameter.str1.1
                0x08009a65        0x3 func_cv.o
 .rodata.str1.1
                0x08009a68        0x3 func_cv.o
 .rodata.set_parameter.str1.1
                0x08009a6b        0xc settings_calibration.o
 .rodata.activated.str1.1
                0x08009a77       0x31 settings_calibration.o
 .rodata.get_parameter.str1.1
                0x08009aa8        0x3 settings_calibration.o
 .rodata.str1.1
                0x08009aa8        0xc settings_calibration.o
 .rodata.channels
                0x08009ab4        0x3 hw.o
                0x08009ab4                channels
 .rodata.CSWTCH.50
                0x08009ab7        0x4 tft.o
 .rodata.nGammaSet
                0x08009abb        0xf ili9163c.o
                0x08009abb                nGammaSet
 .rodata.pGammaSet
                0x08009aca        0xf ili9163c.o
                0x08009aca                pGammaSet
 *fill*         0x08009ad9        0x3 
 .rodata.mono2bpp_lookup
                0x08009adc       0x40 gfx_lookup.o
                0x08009adc                mono2bpp_lookup
 .rodata.font_full_small_height
                0x08009b1c        0x4 font-full_small.o
                0x08009b1c                font_full_small_height
 .rodata.font_full_small_offsets
                0x08009b20       0xc0 font-full_small.o
                0x08009b20                font_full_small_offsets
 .rodata.font_full_small_pixdata
                0x08009be0      0x570 font-full_small.o
                0x08009be0                font_full_small_pixdata
 .rodata.font_full_small_sizes
                0x0800a150       0x60 font-full_small.o
                0x0800a150                font_full_small_sizes
 .rodata.font_full_small_widths
                0x0800a1b0       0x60 font-full_small.o
                0x0800a1b0                font_full_small_widths
 .rodata.font_meter_small_height
                0x0800a210        0x4 font-meter_small.o
                0x0800a210                font_meter_small_height
 .rodata.font_meter_small_offsets
                0x0800a214       0xc0 font-meter_small.o
                0x0800a214                font_meter_small_offsets
 .rodata.font_meter_small_pixdata
                0x0800a2d4       0xda font-meter_small.o
                0x0800a2d4                font_meter_small_pixdata
 .rodata.font_meter_small_sizes
                0x0800a3ae       0x60 font-meter_small.o
                0x0800a3ae                font_meter_small_sizes
 .rodata.font_meter_small_widths
                0x0800a40e       0x60 font-meter_small.o
                0x0800a40e                font_meter_small_widths
 *fill*         0x0800a46e        0x2 
 .rodata.font_meter_medium_height
                0x0800a470        0x4 font-meter_medium.o
                0x0800a470                font_meter_medium_height
 .rodata.font_meter_medium_offsets
                0x0800a474       0xc0 font-meter_medium.o
                0x0800a474                font_meter_medium_offsets
 .rodata.font_meter_medium_pixdata
                0x0800a534      0x200 font-meter_medium.o
                0x0800a534                font_meter_medium_pixdata
 .rodata.font_meter_medium_sizes
                0x0800a734       0x60 font-meter_medium.o
                0x0800a734                font_meter_medium_sizes
 .rodata.font_meter_medium_widths
                0x0800a794       0x60 font-meter_medium.o
                0x0800a794                font_meter_medium_widths
 .rodata.font_meter_large_height
                0x0800a7f4        0x4 font-meter_large.o
                0x0800a7f4                font_meter_large_height
 .rodata.font_meter_large_offsets
                0x0800a7f8       0xc0 font-meter_large.o
                0x0800a7f8                font_meter_large_offsets
 .rodata.font_meter_large_pixdata
                0x0800a8b8      0x35c font-meter_large.o
                0x0800a8b8                font_meter_large_pixdata
 .rodata.font_meter_large_sizes
                0x0800ac14       0x60 font-meter_large.o
                0x0800ac14                font_meter_large_sizes
 .rodata.font_meter_large_widths
                0x0800ac74       0x60 font-meter_large.o
                0x0800ac74                font_meter_large_widths
 .rodata.gfx_cc
                0x0800acd4      0x1e0 gfx-cc.o
                0x0800acd4                gfx_cc
 .rodata.gfx_crosshair
                0x0800aeb4      0x1e0 gfx-crosshair.o
                0x0800aeb4                gfx_crosshair
 .rodata.gfx_cv
                0x0800b094      0x1e0 gfx-cv.o
                0x0800b094                gfx_cv
 .rodata.gfx_cl
                0x0800b274      0x1e0 gfx-cl.o
                0x0800b274                gfx_cl
 .rodata.gfx_padlock
                0x0800b454      0x180 gfx-padlock.o
                0x0800b454                gfx_padlock
 .rodata.gfx_wifi
                0x0800b5d4      0x260 gfx-wifi.o
                0x0800b5d4                gfx_wifi
 .rodata.opendps_set_calibration.str1.1
                0x0800b834       0x54 opendps.o
 .rodata.main.str1.1
                0x0800b888       0x2d opendps.o
 .rodata.str1.1
                0x0800b8b5        0x5 opendps.o
 .rodata.gfx_poweron
                0x0800b8ba      0x200 gfx-poweron.o
                0x0800b8ba                gfx_poweron
 .rodata.set_parameter.str1.1
                0x0800baba       0x14 func_cc.o
 .rodata.get_parameter.str1.1
                0x0800baba        0x3 func_cc.o
 .rodata.str1.1
                0x0800baba        0x3 func_cc.o
 .rodata.set_parameter.str1.1
                0x0800babd       0x14 func_cl.o
 .rodata.get_parameter.str1.1
                0x0800babd        0x3 func_cl.o
 .rodata.str1.1
                0x0800babd        0x3 func_cl.o
 .rodata.set_parameter.str1.1
                0x0800bac0       0x14 func_dpsmode.o
 .rodata.dpsmode_tick.str1.1
                0x0800bac0        0xc func_dpsmode.o
 .rodata.get_parameter.str1.1
                0x0800bacc        0x3 func_dpsmode.o
 .rodata.str1.1
                0x0800bacc        0x8 func_dpsmode.o
 .rodata.gfx_cvbar
                0x0800bad4      0x1f4 gfx-cvbar.o
                0x0800bad4                gfx_cvbar
 .rodata.gfx_ccbar
                0x0800bcc8      0x1f4 gfx-ccbar.o
                0x0800bcc8                gfx_ccbar
 .rodata.gfx_ppbar
                0x0800bebc      0x1f4 gfx-ppbar.o
                0x0800bebc                gfx_ppbar
 .rodata.gfx_oppbar
                0x0800c0b0      0x1f4 gfx-oppbar.o
                0x0800c0b0                gfx_oppbar
 .rodata.gfx_tmbar
                0x0800c2a4      0x1f4 gfx-tmbar.o
                0x0800c2a4                gfx_tmbar
 .rodata.gfx_m1bar
                0x0800c498      0x1f4 gfx-m1bar.o
                0x0800c498                gfx_m1bar
 .rodata.gfx_m2bar
                0x0800c68c      0x1f4 gfx-m2bar.o
                0x0800c68c                gfx_m2bar
 .rodata.gfx_iconpower
                0x0800c880      0x200 gfx-iconpower.o
                0x0800c880                gfx_iconpower
 .rodata.activated.str1.1
                0x0800ca80       0x12 func_gen.o
 .rodata.get_parameter.str1.1
                0x0800ca92        0xc func_gen.o
                                 0x1b (size before relaxing)
 .rodata.str1.1
                0x0800ca9e        0x8 func_gen.o
 *fill*         0x0800caa6        0x2 
 .rodata.funcs.5700
                0x0800caa8       0x10 func_gen.o
 .rodata.sin90  0x0800cab8       0x42 func_gen.o
 .rodata.gfx_square
                0x0800cafa      0x3c0 gfx-square.o
                0x0800cafa                gfx_square
 .rodata.gfx_saw
                0x0800ceba      0x3c0 gfx-saw.o
                0x0800ceba                gfx_saw
 .rodata.gfx_sin
                0x0800d27a      0x3c0 gfx-sin.o
                0x0800d27a                gfx_sin
 *fill*         0x0800d63a        0x2 
 .rodata._ctype_
                0x0800d63c      0x101 /usr/bin/../lib/gcc/arm-none-eabi/9.2.1/../../../../arm-none-eabi/lib/thumb/v7-m/nofp/libc.a(lib_a-ctype_.o)
                0x0800d63c                _ctype_
                0x0800d740                . = ALIGN (0x4)
 *fill*         0x0800d73d        0x3 

.glue_7         0x0800d740        0x0
 .glue_7        0x0800d740        0x0 linker stubs

.glue_7t        0x0800d740        0x0
 .glue_7t       0x0800d740        0x0 linker stubs

.vfp11_veneer   0x0800d740        0x0
 .vfp11_veneer  0x0800d740        0x0 linker stubs

.v4_bx          0x0800d740        0x0
 .v4_bx         0x0800d740        0x0 linker stubs

.iplt           0x0800d740        0x0
 .iplt          0x0800d740        0x0 flashlock.o

.preinit_array  0x0800d740        0x0
                0x0800d740                . = ALIGN (0x4)
                0x0800d740                __preinit_array_start = .
 *(.preinit_array)
                0x0800d740                __preinit_array_end = .

.init_array     0x0800d740        0x0
                0x0800d740                . = ALIGN (0x4)
                0x0800d740                __init_array_start = .
 *(SORT_BY_NAME(.init_array.*))
 *(.init_array)
                0x0800d740                __init_array_end = .

.fini_array     0x0800d740        0x0
                0x0800d740                . = ALIGN (0x4)
                0x0800d740                __fini_array_start = .
 *(.fini_array)
 *(SORT_BY_NAME(.fini_array.*))
                0x0800d740                __fini_array_end = .

.ARM.extab
 *(.ARM.extab*)

.ARM.exidx      0x0800d740        0x8
                0x0800d740                __exidx_start = .
 *(.ARM.exidx*)
 .ARM.exidx     0x0800d740        0x8 /usr/bin/../lib/gcc/arm-none-eabi/9.2.1/thumb/v7-m/nofp/libgcc.a(_udivmoddi4.o)
                0x0800d748                __exidx_end = .

.rel.dyn        0x0800d748        0x0
 .rel.iplt      0x0800d748        0x0 flashlock.o
                0x0800d748                . = ALIGN (0x4)
                0x0800d748                _etext = .

.data           0x20000150      0xde0 load address 0x0800d748
                0x20000150                _data = .
 *(.data*)
 .data.cv_current
                0x20000150       0x40 func_cv.o
                0x20000150                cv_current
 .data.cv_screen
                0x20000190       0x90 func_cv.o
                0x20000190                cv_screen
 .data.cv_voltage
                0x20000220       0x40 func_cv.o
                0x20000220                cv_voltage
 .data.calibration_a_adc
                0x20000260       0x40 settings_calibration.o
                0x20000260                calibration_a_adc
 .data.calibration_a_dac
                0x200002a0       0x40 settings_calibration.o
                0x200002a0                calibration_a_dac
 .data.calibration_screen
                0x200002e0       0x9c settings_calibration.o
                0x200002e0                calibration_screen
 .data.calibration_v_adc
                0x2000037c       0x40 settings_calibration.o
                0x2000037c                calibration_v_adc
 .data.calibration_v_dac
                0x200003bc       0x40 settings_calibration.o
                0x200003bc                calibration_v_dac
 .data.calibration_vin_adc
                0x200003fc       0x40 settings_calibration.o
                0x200003fc                calibration_vin_adc
 .data.falling.5590
                0x2000043c        0x1 hw.o
 .data.falling.5594
                0x2000043d        0x1 hw.o
 .data.falling.5598
                0x2000043e        0x1 hw.o
 .data.falling.5602
                0x2000043f        0x1 hw.o
 .data.falling.5606
                0x20000440        0x1 hw.o
 *fill*         0x20000441        0x3 
 .data.funcgen_tick
                0x20000444        0x4 hw.o
                0x20000444                funcgen_tick
 .data.a_adc_c_coef
                0x20000448        0x4 pwrctl.o
                0x20000448                a_adc_c_coef
 .data.a_adc_k_coef
                0x2000044c        0x4 pwrctl.o
                0x2000044c                a_adc_k_coef
 .data.a_dac_c_coef
                0x20000450        0x4 pwrctl.o
                0x20000450                a_dac_c_coef
 .data.a_dac_k_coef
                0x20000454        0x4 pwrctl.o
                0x20000454                a_dac_k_coef
 .data.v_adc_c_coef
                0x20000458        0x4 pwrctl.o
                0x20000458                v_adc_c_coef
 .data.v_adc_k_coef
                0x2000045c        0x4 pwrctl.o
                0x2000045c                v_adc_k_coef
 .data.v_dac_c_coef
                0x20000460        0x4 pwrctl.o
                0x20000460                v_dac_c_coef
 .data.v_dac_k_coef
                0x20000464        0x4 pwrctl.o
                0x20000464                v_dac_k_coef
 .data.vin_adc_c_coef
                0x20000468        0x4 pwrctl.o
                0x20000468                vin_adc_c_coef
 .data.vin_adc_k_coef
                0x2000046c        0x4 pwrctl.o
                0x2000046c                vin_adc_k_coef
 .data.first.6565
                0x20000470        0x1 opendps.o
 *fill*         0x20000471        0x3 
 .data.g_past   0x20000474       0x18 opendps.o
 .data.input_voltage
                0x2000048c       0x40 opendps.o
                0x2000048c                input_voltage
 .data.last_tft_brightness
                0x200004cc        0x1 opendps.o
 *fill*         0x200004cd        0x3 
 .data.main_screen
                0x200004d0       0x8c opendps.o
                0x200004d0                main_screen
 .data.cc_current
                0x2000055c       0x40 func_cc.o
                0x2000055c                cc_current
 .data.cc_screen
                0x2000059c       0x90 func_cc.o
                0x2000059c                cc_screen
 .data.cc_voltage
                0x2000062c       0x40 func_cc.o
                0x2000062c                cc_voltage
 .data.cl_current
                0x2000066c       0x40 func_cl.o
                0x2000066c                cl_current
 .data.cl_screen
                0x200006ac       0x90 func_cl.o
                0x200006ac                cl_screen
 .data.cl_voltage
                0x2000073c       0x40 func_cl.o
                0x2000073c                cl_voltage
 .data.dpsmode_brightness
                0x2000077c       0x40 func_dpsmode.o
                0x2000077c                dpsmode_brightness
 .data.dpsmode_current
                0x200007bc       0x40 func_dpsmode.o
                0x200007bc                dpsmode_current
 .data.dpsmode_power
                0x200007fc       0x40 func_dpsmode.o
                0x200007fc                dpsmode_power
 .data.dpsmode_screen
                0x2000083c       0xa0 func_dpsmode.o
                0x2000083c                dpsmode_screen
 .data.dpsmode_timer
                0x200008dc       0x34 func_dpsmode.o
                0x200008dc                dpsmode_timer
 .data.dpsmode_voltage
                0x20000910       0x40 func_dpsmode.o
                0x20000910                dpsmode_voltage
 .data.dpsmode_watthour
                0x20000950       0x40 func_dpsmode.o
                0x20000950                dpsmode_watthour
 .data.compute_func
                0x20000990        0x4 func_gen.o
 .data.gen_freq
                0x20000994       0x40 func_gen.o
                0x20000994                gen_freq
 .data.gen_func
                0x200009d4       0x4c func_gen.o
                0x200009d4                gen_func
 .data.gen_screen
                0x20000a20       0x94 func_gen.o
                0x20000a20                gen_screen
 .data.gen_voltage
                0x20000ab4       0x40 func_gen.o
                0x20000ab4                gen_voltage
 .data.rcc_ahb_frequency
                0x20000af4        0x4 /home/pi/proj/opendpscolorsamefont/libopencm3/lib/libopencm3_stm32f1.a(rcc.o)
                0x20000af4                rcc_ahb_frequency
 .data.rcc_apb1_frequency
                0x20000af8        0x4 /home/pi/proj/opendpscolorsamefont/libopencm3/lib/libopencm3_stm32f1.a(rcc.o)
                0x20000af8                rcc_apb1_frequency
 .data.rcc_apb2_frequency
                0x20000afc        0x4 /home/pi/proj/opendpscolorsamefont/libopencm3/lib/libopencm3_stm32f1.a(rcc.o)
                0x20000afc                rcc_apb2_frequency
 .data._impure_ptr
                0x20000b00        0x4 /usr/bin/../lib/gcc/arm-none-eabi/9.2.1/../../../../arm-none-eabi/lib/thumb/v7-m/nofp/libc.a(lib_a-impure.o)
                0x20000b00                _impure_ptr
 *fill*         0x20000b04        0x4 
 .data.impure_data
                0x20000b08      0x428 /usr/bin/../lib/gcc/arm-none-eabi/9.2.1/../../../../arm-none-eabi/lib/thumb/v7-m/nofp/libc.a(lib_a-impure.o)
                0x20000f30                . = ALIGN (0x4)
                0x20000f30                _edata = .
                0x0800d748                _data_loadaddr = LOADADDR (.data)

.igot.plt       0x20000f30        0x0 load address 0x0800e528
 .igot.plt      0x20000f30        0x0 flashlock.o

.bss            0x20000f30      0x68c load address 0x0800e528
 *(.bss*)
 .bss.flash_unlock_count
                0x20000f30        0x4 flashlock.o
 .bss.saved_i   0x20000f34        0x4 func_cv.o
 .bss.saved_u   0x20000f38        0x4 func_cv.o
 .bss.adc_counter
                0x20000f3c        0x4 hw.o
 .bss.adc_i_offset
                0x20000f40        0x4 hw.o
 .bss.cur_time_hiw
                0x20000f44        0x2 hw.o
                0x20000f44                cur_time_hiw
 *fill*         0x20000f46        0x2 
 .bss.i_offset_calc
                0x20000f48        0x4 hw.o
 .bss.i_out_adc
                0x20000f4c        0x2 hw.o
 .bss.i_out_trig_adc
                0x20000f4e        0x2 hw.o
 .bss.key_combo
                0x20000f50        0x1 hw.o
 *fill*         0x20000f51        0x7 
 .bss.last_button_down
                0x20000f58        0x8 hw.o
 .bss.last_tick_counter.5516
                0x20000f60        0x4 hw.o
 .bss.last_tick_counter.5521
                0x20000f64        0x4 hw.o
 .bss.longpress_detected
                0x20000f68        0x1 hw.o
 .bss.longpress_event
                0x20000f69        0x1 hw.o
 *fill*         0x20000f6a        0x6 
 .bss.longpress_start
                0x20000f70        0x8 hw.o
 .bss.m1_pressed
                0x20000f78        0x1 hw.o
 .bss.m2_pressed
                0x20000f79        0x1 hw.o
 .bss.measure_i_out
                0x20000f7a        0x1 hw.o
 *fill*         0x20000f7b        0x1 
 .bss.ocp_count.5515
                0x20000f7c        0x4 hw.o
 .bss.ovp_count.5520
                0x20000f80        0x4 hw.o
 .bss.rot_pressed
                0x20000f84        0x1 hw.o
 .bss.set_pressed
                0x20000f85        0x1 hw.o
 .bss.v_in_adc  0x20000f86        0x2 hw.o
 .bss.v_out_adc
                0x20000f88        0x2 hw.o
 .bss.v_out_trig_adc
                0x20000f8a        0x2 hw.o
 .bss.i_limit   0x20000f8c        0x4 pwrctl.o
 .bss.i_out     0x20000f90        0x4 pwrctl.o
 .bss.pwrctl_i_limit_raw
                0x20000f94        0x4 pwrctl.o
                0x20000f94                pwrctl_i_limit_raw
 .bss.pwrctl_v_limit_raw
                0x20000f98        0x4 pwrctl.o
                0x20000f98                pwrctl_v_limit_raw
 .bss.v_limit   0x20000f9c        0x4 pwrctl.o
 .bss.v_out     0x20000fa0        0x4 pwrctl.o
 .bss.v_out_enabled
                0x20000fa4        0x1 pwrctl.o
 .bss.buffer    0x20000fa5       0x80 event.o
 *fill*         0x20001025        0x3 
 .bss.events    0x20001028       0x10 event.o
 .bss.tick_ms   0x20001038        0x8 tick.o
 .bss.blit_buffer
                0x20001040      0x3c8 tft.o
 .bss.is_inverted
                0x20001408        0x1 tft.o
 .bss.dma_status
                0x20001409        0x1 spi_driver.o
 .bss.colorspace_data
                0x2000140a        0x1 ili9163c.o
 .bss.mad_ctrl_value
                0x2000140b        0x1 ili9163c.o
 .bss.rotation  0x2000140c        0x1 ili9163c.o
 *fill*         0x2000140d        0x1 
 .bss.screen_height
                0x2000140e        0x2 ili9163c.o
 .bss.screen_width
                0x20001410        0x2 ili9163c.o
 .bss.bg_color  0x20001412        0x2 opendps.o
 .bss.current_ui
                0x20001414        0x4 opendps.o
 .bss.func_ui   0x20001418       0x20 opendps.o
 .bss.is_enabled
                0x20001438        0x1 opendps.o
 .bss.is_locked
                0x20001439        0x1 opendps.o
 *fill*         0x2000143a        0x6 
 .bss.last.6609
                0x20001440        0x8 opendps.o
 .bss.last_lock_flash.6564
                0x20001448        0x8 opendps.o
 .bss.last_tft_flash.6563
                0x20001450        0x8 opendps.o
 .bss.last_tft_inv_setting
                0x20001458        0x1 opendps.o
 *fill*         0x20001459        0x7 
 .bss.last_wifi_update.6562
                0x20001460        0x8 opendps.o
 .bss.lock_flash_counter
                0x20001468        0x4 opendps.o
 .bss.lock_flashing_period
                0x2000146c        0x4 opendps.o
 .bss.lock_visible
                0x20001470        0x1 opendps.o
 *fill*         0x20001471        0x3 
 .bss.main_ui   0x20001474       0x20 opendps.o
 .bss.settings_ui
                0x20001494       0x20 opendps.o
 .bss.tft_flash_counter
                0x200014b4        0x4 opendps.o
 .bss.tft_flashing_period
                0x200014b8        0x4 opendps.o
 .bss.ui_height
                0x200014bc        0x4 opendps.o
 .bss.ui_width  0x200014c0        0x4 opendps.o
 .bss.wifi_status
                0x200014c4        0x1 opendps.o
 *fill*         0x200014c5        0x3 
 .bss.wifi_status_flashing_period
                0x200014c8        0x4 opendps.o
 .bss.wifi_status_visible
                0x200014cc        0x1 opendps.o
 *fill*         0x200014cd        0x3 
 .bss.saved_i   0x200014d0        0x4 func_cc.o
 .bss.saved_u   0x200014d4        0x4 func_cc.o
 .bss.current_mode_gfx
                0x200014d8        0x1 func_cl.o
                0x200014d8                current_mode_gfx
 *fill*         0x200014d9        0x3 
 .bss.saved_i   0x200014dc        0x4 func_cl.o
 .bss.saved_u   0x200014e0        0x4 func_cl.o
 .bss.dpsmode_graphics
                0x200014e4        0x2 func_dpsmode.o
                0x200014e4                dpsmode_graphics
 *fill*         0x200014e6        0x2 
 .bss.recall_i  0x200014e8        0x8 func_dpsmode.o
 .bss.recall_p  0x200014f0        0x8 func_dpsmode.o
 .bss.recall_t  0x200014f8        0x8 func_dpsmode.o
 .bss.recall_v  0x20001500        0x8 func_dpsmode.o
 .bss.saved_i   0x20001508        0x4 func_dpsmode.o
 .bss.saved_p   0x2000150c        0x4 func_dpsmode.o
 .bss.saved_t   0x20001510        0x4 func_dpsmode.o
 .bss.saved_v   0x20001514        0x4 func_dpsmode.o
 .bss.select_mode
                0x20001518        0x1 func_dpsmode.o
 .bss.single_edit_mode
                0x20001519        0x1 func_dpsmode.o
 .bss.third_invalidate
                0x2000151a        0x1 func_dpsmode.o
 *fill*         0x2000151b        0x1 
 .bss.third_item
                0x2000151c        0x4 func_dpsmode.o
                0x2000151c                third_item
 .bss.third_row
                0x20001520        0x1 func_dpsmode.o
 *fill*         0x20001521        0x7 
 .bss.tick_since_count
                0x20001528        0x8 func_dpsmode.o
 .bss.period_us
                0x20001530        0x4 func_gen.o
 .bss.frame_buffer
                0x20001534       0x80 protocol_handler.o
 .bss.receiving_frame
                0x200015b4        0x1 protocol_handler.o
 *fill*         0x200015b5        0x3 
 .bss.rx_idx    0x200015b8        0x4 protocol_handler.o
 *(COMMON)
                0x200015bc                . = ALIGN (0x4)
                0x200015bc                _ebss = .

/DISCARD/
 *(.eh_frame)
                0x200015bc                . = ALIGN (0x4)
                0x200015bc                end = .
                0x20001ff0                PROVIDE (_stack = (ORIGIN (ram) + LENGTH (ram)))

.past           0x0800f800      0x800
                0x0800f800                _past_start = .
                0x08010000                . = (. + past_size)
 *fill*         0x0800f800      0x800 
                0x08010000                _past_end = .

.bootcom        0x20001ff0       0x10
                0x20001ff0                _bootcom_start = .
                0x20002000                . = (. + bootcom_size)
 *fill*         0x20001ff0       0x10 
                0x20002000                _bootcom_end = .

.ram_vect       0x20000000      0x150
                0x20000000                _ram_vect_start = .
                0x20000150                . = (. + vector_size)
 *fill*         0x20000000      0x150 
                0x20000150                _ram_vect_end = .
OUTPUT(opendps_DPS3005.elf elf32-littlearm)

.debug_info     0x00000000    0x2a56f
 .debug_info    0x00000000       0xee flashlock.o
 .debug_info    0x000000ee      0x1a1 bootcom.o
 .debug_info    0x0000028f      0x15c crc16.o
 .debug_info    0x000003eb     0x1696 uui.o
 .debug_info    0x00001a81     0x1906 uui_number.o
 .debug_info    0x00003387     0x183f uui_time.o
 .debug_info    0x00004bc6     0x18e1 func_cv.o
 .debug_info    0x000064a7     0x1845 settings_calibration.o
 .debug_info    0x00007cec     0x2d8e hw.o
 .debug_info    0x0000aa7a      0x96d pwrctl.o
 .debug_info    0x0000b3e7      0xbf8 event.o
 .debug_info    0x0000bfdf     0x16f6 past.o
 .debug_info    0x0000d6d5      0x19b tick.o
 .debug_info    0x0000d870     0x1b53 tft.o
 .debug_info    0x0000f3c3     0x1216 spi_driver.o
 .debug_info    0x000105d9      0x206 ringbuf.o
 .debug_info    0x000107df      0xe18 ili9163c.o
 .debug_info    0x000115f7      0xe44 mini-printf.o
 .debug_info    0x0001243b       0xb0 gfx_lookup.o
 .debug_info    0x000124eb      0x17e font-full_small.o
 .debug_info    0x00012669      0x17c font-meter_small.o
 .debug_info    0x000127e5      0x17d font-meter_medium.o
 .debug_info    0x00012962      0x17d font-meter_large.o
 .debug_info    0x00012adf       0xb1 gfx-cc.o
 .debug_info    0x00012b90       0xb1 gfx-crosshair.o
 .debug_info    0x00012c41       0xb1 gfx-cv.o
 .debug_info    0x00012cf2       0xb1 gfx-cl.o
 .debug_info    0x00012da3       0xb1 gfx-padlock.o
 .debug_info    0x00012e54       0xb1 gfx-wifi.o
 .debug_info    0x00012f05     0x292e opendps.o
 .debug_info    0x00015833       0xb1 gfx-poweron.o
 .debug_info    0x000158e4     0x18e6 func_cc.o
 .debug_info    0x000171ca     0x19cb func_cl.o
 .debug_info    0x00018b95     0x274a func_dpsmode.o
 .debug_info    0x0001b2df       0xb1 gfx-cvbar.o
 .debug_info    0x0001b390       0xb1 gfx-ccbar.o
 .debug_info    0x0001b441       0xb1 gfx-ppbar.o
 .debug_info    0x0001b4f2       0xb1 gfx-oppbar.o
 .debug_info    0x0001b5a3       0xb1 gfx-tmbar.o
 .debug_info    0x0001b654       0xb1 gfx-m1bar.o
 .debug_info    0x0001b705       0xb1 gfx-m2bar.o
 .debug_info    0x0001b7b6       0xb1 gfx-iconpower.o
 .debug_info    0x0001b867     0x1faf func_gen.o
 .debug_info    0x0001d816     0x1274 uui_icon.o
 .debug_info    0x0001ea8a       0xb1 gfx-square.o
 .debug_info    0x0001eb3b       0xb1 gfx-saw.o
 .debug_info    0x0001ebec       0xb1 gfx-sin.o
 .debug_info    0x0001ec9d     0x108d uframe.o
 .debug_info    0x0001fd2a     0x131f protocol.o
 .debug_info    0x00021049     0x2594 protocol_handler.o
 .debug_info    0x000235dd      0x3cb /home/pi/proj/opendpscolorsamefont/libopencm3/lib/libopencm3_stm32f1.a(adc.o)
 .debug_info    0x000239a8      0x86d /home/pi/proj/opendpscolorsamefont/libopencm3/lib/libopencm3_stm32f1.a(adc_common_v1.o)
 .debug_info    0x00024215      0x33d /home/pi/proj/opendpscolorsamefont/libopencm3/lib/libopencm3_stm32f1.a(flash.o)
 .debug_info    0x00024552      0x20a /home/pi/proj/opendpscolorsamefont/libopencm3/lib/libopencm3_stm32f1.a(gpio.o)
 .debug_info    0x0002475c     0x12dd /home/pi/proj/opendpscolorsamefont/libopencm3/lib/libopencm3_stm32f1.a(rcc.o)
 .debug_info    0x00025a39      0x79c /home/pi/proj/opendpscolorsamefont/libopencm3/lib/libopencm3_stm32f1.a(dma_common_l1f013.o)
 .debug_info    0x000261d5      0x266 /home/pi/proj/opendpscolorsamefont/libopencm3/lib/libopencm3_stm32f1.a(gpio_common_all.o)
 .debug_info    0x0002643b      0xa1e /home/pi/proj/opendpscolorsamefont/libopencm3/lib/libopencm3_stm32f1.a(spi_common_all.o)
 .debug_info    0x00026e59      0x185 /home/pi/proj/opendpscolorsamefont/libopencm3/lib/libopencm3_stm32f1.a(spi_common_l1f124.o)
 .debug_info    0x00026fde     0x12d5 /home/pi/proj/opendpscolorsamefont/libopencm3/lib/libopencm3_stm32f1.a(timer_common_all.o)
 .debug_info    0x000282b3      0x519 /home/pi/proj/opendpscolorsamefont/libopencm3/lib/libopencm3_stm32f1.a(usart_common_all.o)
 .debug_info    0x000287cc      0x216 /home/pi/proj/opendpscolorsamefont/libopencm3/lib/libopencm3_stm32f1.a(usart_common_f124.o)
 .debug_info    0x000289e2      0x57b /home/pi/proj/opendpscolorsamefont/libopencm3/lib/libopencm3_stm32f1.a(rcc_common_all.o)
 .debug_info    0x00028f5d      0x241 /home/pi/proj/opendpscolorsamefont/libopencm3/lib/libopencm3_stm32f1.a(exti_common_all.o)
 .debug_info    0x0002919e      0x29f /home/pi/proj/opendpscolorsamefont/libopencm3/lib/libopencm3_stm32f1.a(flash_common_f01.o)
 .debug_info    0x0002943d      0x2d5 /home/pi/proj/opendpscolorsamefont/libopencm3/lib/libopencm3_stm32f1.a(vector.o)
 .debug_info    0x00029712      0x280 /home/pi/proj/opendpscolorsamefont/libopencm3/lib/libopencm3_stm32f1.a(systick.o)
 .debug_info    0x00029992      0x98c /home/pi/proj/opendpscolorsamefont/libopencm3/lib/libopencm3_stm32f1.a(scb.o)
 .debug_info    0x0002a31e      0x251 /home/pi/proj/opendpscolorsamefont/libopencm3/lib/libopencm3_stm32f1.a(nvic.o)

.debug_abbrev   0x00000000     0x7c32
 .debug_abbrev  0x00000000       0x92 flashlock.o
 .debug_abbrev  0x00000092       0xf0 bootcom.o
 .debug_abbrev  0x00000182       0xb8 crc16.o
 .debug_abbrev  0x0000023a      0x534 uui.o
 .debug_abbrev  0x0000076e      0x3f7 uui_number.o
 .debug_abbrev  0x00000b65      0x38b uui_time.o
 .debug_abbrev  0x00000ef0      0x417 func_cv.o
 .debug_abbrev  0x00001307      0x3a7 settings_calibration.o
 .debug_abbrev  0x000016ae      0x519 hw.o
 .debug_abbrev  0x00001bc7      0x2c8 pwrctl.o
 .debug_abbrev  0x00001e8f      0x298 event.o
 .debug_abbrev  0x00002127      0x477 past.o
 .debug_abbrev  0x0000259e      0x110 tick.o
 .debug_abbrev  0x000026ae      0x4ba tft.o
 .debug_abbrev  0x00002b68      0x2b2 spi_driver.o
 .debug_abbrev  0x00002e1a       0xf7 ringbuf.o
 .debug_abbrev  0x00002f11      0x293 ili9163c.o
 .debug_abbrev  0x000031a4      0x379 mini-printf.o
 .debug_abbrev  0x0000351d       0x70 gfx_lookup.o
 .debug_abbrev  0x0000358d       0x88 font-full_small.o
 .debug_abbrev  0x00003615       0x70 font-meter_small.o
 .debug_abbrev  0x00003685       0x79 font-meter_medium.o
 .debug_abbrev  0x000036fe       0x79 font-meter_large.o
 .debug_abbrev  0x00003777       0x70 gfx-cc.o
 .debug_abbrev  0x000037e7       0x70 gfx-crosshair.o
 .debug_abbrev  0x00003857       0x70 gfx-cv.o
 .debug_abbrev  0x000038c7       0x70 gfx-cl.o
 .debug_abbrev  0x00003937       0x70 gfx-padlock.o
 .debug_abbrev  0x000039a7       0x70 gfx-wifi.o
 .debug_abbrev  0x00003a17      0x511 opendps.o
 .debug_abbrev  0x00003f28       0x70 gfx-poweron.o
 .debug_abbrev  0x00003f98      0x403 func_cc.o
 .debug_abbrev  0x0000439b      0x40f func_cl.o
 .debug_abbrev  0x000047aa      0x48a func_dpsmode.o
 .debug_abbrev  0x00004c34       0x70 gfx-cvbar.o
 .debug_abbrev  0x00004ca4       0x70 gfx-ccbar.o
 .debug_abbrev  0x00004d14       0x70 gfx-ppbar.o
 .debug_abbrev  0x00004d84       0x70 gfx-oppbar.o
 .debug_abbrev  0x00004df4       0x70 gfx-tmbar.o
 .debug_abbrev  0x00004e64       0x70 gfx-m1bar.o
 .debug_abbrev  0x00004ed4       0x70 gfx-m2bar.o
 .debug_abbrev  0x00004f44       0x70 gfx-iconpower.o
 .debug_abbrev  0x00004fb4      0x4e0 func_gen.o
 .debug_abbrev  0x00005494      0x30f uui_icon.o
 .debug_abbrev  0x000057a3       0x70 gfx-square.o
 .debug_abbrev  0x00005813       0x70 gfx-saw.o
 .debug_abbrev  0x00005883       0x70 gfx-sin.o
 .debug_abbrev  0x000058f3      0x33a uframe.o
 .debug_abbrev  0x00005c2d      0x287 protocol.o
 .debug_abbrev  0x00005eb4      0x403 protocol_handler.o
 .debug_abbrev  0x000062b7      0x192 /home/pi/proj/opendpscolorsamefont/libopencm3/lib/libopencm3_stm32f1.a(adc.o)
 .debug_abbrev  0x00006449      0x181 /home/pi/proj/opendpscolorsamefont/libopencm3/lib/libopencm3_stm32f1.a(adc_common_v1.o)
 .debug_abbrev  0x000065ca      0x14f /home/pi/proj/opendpscolorsamefont/libopencm3/lib/libopencm3_stm32f1.a(flash.o)
 .debug_abbrev  0x00006719       0xd0 /home/pi/proj/opendpscolorsamefont/libopencm3/lib/libopencm3_stm32f1.a(gpio.o)
 .debug_abbrev  0x000067e9      0x2e1 /home/pi/proj/opendpscolorsamefont/libopencm3/lib/libopencm3_stm32f1.a(rcc.o)
 .debug_abbrev  0x00006aca      0x143 /home/pi/proj/opendpscolorsamefont/libopencm3/lib/libopencm3_stm32f1.a(dma_common_l1f013.o)
 .debug_abbrev  0x00006c0d      0x116 /home/pi/proj/opendpscolorsamefont/libopencm3/lib/libopencm3_stm32f1.a(gpio_common_all.o)
 .debug_abbrev  0x00006d23      0x1eb /home/pi/proj/opendpscolorsamefont/libopencm3/lib/libopencm3_stm32f1.a(spi_common_all.o)
 .debug_abbrev  0x00006f0e       0xe5 /home/pi/proj/opendpscolorsamefont/libopencm3/lib/libopencm3_stm32f1.a(spi_common_l1f124.o)
 .debug_abbrev  0x00006ff3      0x1c1 /home/pi/proj/opendpscolorsamefont/libopencm3/lib/libopencm3_stm32f1.a(timer_common_all.o)
 .debug_abbrev  0x000071b4      0x129 /home/pi/proj/opendpscolorsamefont/libopencm3/lib/libopencm3_stm32f1.a(usart_common_all.o)
 .debug_abbrev  0x000072dd       0xdc /home/pi/proj/opendpscolorsamefont/libopencm3/lib/libopencm3_stm32f1.a(usart_common_f124.o)
 .debug_abbrev  0x000073b9      0x143 /home/pi/proj/opendpscolorsamefont/libopencm3/lib/libopencm3_stm32f1.a(rcc_common_all.o)
 .debug_abbrev  0x000074fc      0x102 /home/pi/proj/opendpscolorsamefont/libopencm3/lib/libopencm3_stm32f1.a(exti_common_all.o)
 .debug_abbrev  0x000075fe       0xdc /home/pi/proj/opendpscolorsamefont/libopencm3/lib/libopencm3_stm32f1.a(flash_common_f01.o)
 .debug_abbrev  0x000076da      0x149 /home/pi/proj/opendpscolorsamefont/libopencm3/lib/libopencm3_stm32f1.a(vector.o)
 .debug_abbrev  0x00007823      0x155 /home/pi/proj/opendpscolorsamefont/libopencm3/lib/libopencm3_stm32f1.a(systick.o)
 .debug_abbrev  0x00007978      0x205 /home/pi/proj/opendpscolorsamefont/libopencm3/lib/libopencm3_stm32f1.a(scb.o)
 .debug_abbrev  0x00007b7d       0xb5 /home/pi/proj/opendpscolorsamefont/libopencm3/lib/libopencm3_stm32f1.a(nvic.o)

.debug_aranges  0x00000000     0x1960
 .debug_aranges
                0x00000000       0x28 flashlock.o
 .debug_aranges
                0x00000028       0x28 bootcom.o
 .debug_aranges
                0x00000050       0x28 crc16.o
 .debug_aranges
                0x00000078       0x98 uui.o
 .debug_aranges
                0x00000110       0x38 uui_number.o
 .debug_aranges
                0x00000148       0x40 uui_time.o
 .debug_aranges
                0x00000188       0x60 func_cv.o
 .debug_aranges
                0x000001e8       0x60 settings_calibration.o
 .debug_aranges
                0x00000248       0xe0 hw.o
 .debug_aranges
                0x00000328       0xa8 pwrctl.o
 .debug_aranges