Archive member included to satisfy reference by file (symbol)

/home/pi/proj/opendpscolorsamefont/libopencm3/lib/libopencm3_stm32f1.a(flash.o)
                              common.o (flash_get_status_flags)
/home/pi/proj/opendpscolorsamefont/libopencm3/lib/libopencm3_stm32f1.a(gpio.o)
                              hw.o (gpio_set_mode)
/home/pi/proj/opendpscolorsamefont/libopencm3/lib/libopencm3_stm32f1.a(rcc.o)
                              hw.o (rcc_clock_setup_in_hsi_out_48mhz)
/home/pi/proj/opendpscolorsamefont/libopencm3/lib/libopencm3_stm32f1.a(gpio_common_all.o)
                              hw.o (gpio_set)
/home/pi/proj/opendpscolorsamefont/libopencm3/lib/libopencm3_stm32f1.a(usart_common_all.o)
                              hw.o (usart_set_baudrate)
/home/pi/proj/opendpscolorsamefont/libopencm3/lib/libopencm3_stm32f1.a(usart_common_f124.o)
                              /home/pi/proj/opendpscolorsamefont/libopencm3/lib/libopencm3_stm32f1.a(usart_common_all.o) (usart_send)
/home/pi/proj/opendpscolorsamefont/libopencm3/lib/libopencm3_stm32f1.a(rcc_common_all.o)
                              hw.o (rcc_periph_clock_enable)
/home/pi/proj/opendpscolorsamefont/libopencm3/lib/libopencm3_stm32f1.a(flash_common_f01.o)
                              /home/pi/proj/opendpscolorsamefont/libopencm3/lib/libopencm3_stm32f1.a(rcc.o) (flash_set_ws)
/home/pi/proj/opendpscolorsamefont/libopencm3/lib/libopencm3_stm32f1.a(vector.o)
                              (reset_handler)
/home/pi/proj/opendpscolorsamefont/libopencm3/lib/libopencm3_stm32f1.a(systick.o)
                              common.o (systick_set_reload)
/home/pi/proj/opendpscolorsamefont/libopencm3/lib/libopencm3_stm32f1.a(nvic.o)
                              hw.o (nvic_enable_irq)
/home/pi/proj/opendpscolorsamefont/libopencm3/lib/libopencm3_stm32f1.a(assert.o)
                              /home/pi/proj/opendpscolorsamefont/libopencm3/lib/libopencm3_stm32f1.a(rcc.o) (cm3_assert_failed)
/usr/bin/../lib/gcc/arm-none-eabi/9.2.1/../../../../arm-none-eabi/lib/thumb/v7-m/nofp/libc.a(lib_a-memcpy.o)
                              common.o (memcpy)
/usr/bin/../lib/gcc/arm-none-eabi/9.2.1/../../../../arm-none-eabi/lib/thumb/v7-m/nofp/libc.a(lib_a-strncmp.o)
                              dpsboot.o (strncmp)

Discarded input sections

 .text          0x00000000        0x0 common.o
 .data          0x00000000        0x0 common.o
 .bss           0x00000000        0x0 common.o
 .text.protocol_unpack_response
                0x00000000       0x24 common.o
 .text.protocol_unpack_wifi_status
                0x00000000       0x34 common.o
 .text.protocol_unpack_lock
                0x00000000       0x3e common.o
 .text.protocol_unpack_query_response
                0x00000000       0x7c common.o
 .text.protocol_unpack_upgrade_start
                0x00000000       0x40 common.o
 .text.protocol_unpack_ocp
                0x00000000       0x36 common.o
 .text.unpack32
                0x00000000       0x62 common.o
 .text.protocol_create_response
                0x00000000       0x34 common.o
 .text.protocol_create_ping
                0x00000000       0x26 common.o
 .text.protocol_create_status
                0x00000000       0x28 common.o
 .text.protocol_create_wifi_status
                0x00000000       0x32 common.o
 .text.protocol_create_lock
                0x00000000       0x36 common.o
 .text.protocol_create_ocp
                0x00000000       0x32 common.o
 .text.pack32   0x00000000       0x2c common.o
 .text.pack_float
                0x00000000        0x4 common.o
 .text.pack_cstr
                0x00000000       0x1c common.o
 .text.bootcom_put
                0x00000000       0x20 common.o
 .text.past_gc_check
                0x00000000        0x4 common.o
 .text.get_ticks
                0x00000000        0xc common.o
 .text          0x00000000        0x0 hw.o
 .data          0x00000000        0x0 hw.o
 .bss           0x00000000        0x0 hw.o
 .text          0x00000000        0x0 dpsboot.o
 .data          0x00000000        0x0 dpsboot.o
 .bss           0x00000000        0x0 dpsboot.o
 .group         0x00000000        0xc /home/pi/proj/opendpscolorsamefont/libopencm3/lib/libopencm3_stm32f1.a(flash.o)
 .group         0x00000000        0xc /home/pi/proj/opendpscolorsamefont/libopencm3/lib/libopencm3_stm32f1.a(flash.o)
 .group         0x00000000        0xc /home/pi/proj/opendpscolorsamefont/libopencm3/lib/libopencm3_stm32f1.a(flash.o)
 .group         0x00000000        0xc /home/pi/proj/opendpscolorsamefont/libopencm3/lib/libopencm3_stm32f1.a(flash.o)
 .group         0x00000000        0xc /home/pi/proj/opendpscolorsamefont/libopencm3/lib/libopencm3_stm32f1.a(flash.o)
 .group         0x00000000        0xc /home/pi/proj/opendpscolorsamefont/libopencm3/lib/libopencm3_stm32f1.a(flash.o)
 .group         0x00000000        0xc /home/pi/proj/opendpscolorsamefont/libopencm3/lib/libopencm3_stm32f1.a(flash.o)
[...]
Memory Configuration

Name             Origin             Length             Attributes
rom              0x08000000         0x00001400         xr
app              0x08001400         0x0000e400         xr
past             0x0800f800         0x00000800         r
ram              0x20000000         0x00001ff0         xrw
bootcom_ram      0x20001ff0         0x00000010         xrw
*default*        0x00000000         0xffffffff

Linker script and memory map

LOAD common.o
LOAD hw.o
LOAD dpsboot.o
LOAD /home/pi/proj/opendpscolorsamefont/libopencm3/lib/libopencm3_stm32f1.a
START GROUP
LOAD /usr/bin/../lib/gcc/arm-none-eabi/9.2.1/../../../../arm-none-eabi/lib/thumb/v7-m/nofp/libc.a
LOAD /usr/bin/../lib/gcc/arm-none-eabi/9.2.1/thumb/v7-m/nofp/libgcc.a
LOAD /usr/bin/../lib/gcc/arm-none-eabi/9.2.1/../../../../arm-none-eabi/lib/thumb/v7-m/nofp/libnosys.a
END GROUP
START GROUP
LOAD /usr/bin/../lib/gcc/arm-none-eabi/9.2.1/thumb/v7-m/nofp/libgcc.a
LOAD /usr/bin/../lib/gcc/arm-none-eabi/9.2.1/../../../../arm-none-eabi/lib/thumb/v7-m/nofp/libc.a
END GROUP
                0x00010000                flash_size = 0x10000
                0x00002000                ram_size = 0x2000
                0x00001400                boot_size = 0x1400
                0x00000800                past_size = 0x800
                0x00000010                bootcom_size = 0x10
                0x0000e400                app_size = ((flash_size - boot_size) - past_size)

.text           0x08000000     0x1344
 *(.vectors)
 .vectors       0x08000000      0x150 /home/pi/proj/opendpscolorsamefont/libopencm3/lib/libopencm3_stm32f1.a(vector.o)
                0x08000000                vector_table
 *(.text*)
 .text.past_find_unit
                0x08000150       0x3c common.o
 .text.flash_write32
                0x0800018c       0x24 common.o
 .text.crc16.part.0
                0x080001b0       0x2c common.o
 .text.set_frame_header
                0x080001dc       0x16 common.o
                0x080001dc                set_frame_header
 .text.start_frame_unpacking
                0x080001f2        0x8 common.o
                0x080001f2                start_frame_unpacking
 .text.stuff8   0x080001fa       0x34 common.o
                0x080001fa                stuff8
 .text.end_frame
                0x0800022e       0x2c common.o
                0x0800022e                end_frame
 .text.unpack8  0x0800025a       0x24 common.o
                0x0800025a                unpack8
 .text.unpack16
                0x0800027e       0x32 common.o
                0x0800027e                unpack16
 .text.crc16_add
                0x080002b0       0x18 common.o
                0x080002b0                crc16_add
 .text.pack8    0x080002c8       0x42 common.o
                0x080002c8                pack8
 .text.pack16   0x0800030a       0x18 common.o
                0x0800030a                pack16
 .text.crc16    0x08000322        0xc common.o
                0x08000322                crc16
 .text.uframe_extract_payload
                0x0800032e       0x86 common.o
                0x0800032e                uframe_extract_payload
 .text.bootcom_get
                0x080003b4       0x44 common.o
                0x080003b4                bootcom_get
 .text.lock_flash
                0x080003f8       0x14 common.o
                0x080003f8                lock_flash
 .text.unlock_flash
                0x0800040c       0x18 common.o
                0x0800040c                unlock_flash
 .text.past_erase_unit_at
                0x08000424       0x48 common.o
 .text.past_read_unit
                0x0800046c       0x3c common.o
                0x0800046c                past_read_unit
 .text.past_write_unit
                0x080004a8      0x100 common.o
                0x080004a8                past_write_unit
 .text.past_erase_unit
                0x080005a8       0x20 common.o
                0x080005a8                past_erase_unit
 .text.past_format
                0x080005c8       0x60 common.o
                0x080005c8                past_format
 .text.past_init
                0x08000628       0x8c common.o
                0x08000628                past_init
 .text.ringbuf_init
                0x080006b4        0xe common.o
                0x080006b4                ringbuf_init
 .text.ringbuf_put
                0x080006c2       0x26 common.o
                0x080006c2                ringbuf_put
 .text.ringbuf_get
                0x080006e8       0x26 common.o
                0x080006e8                ringbuf_get
 .text.systick_init
                0x0800070e       0x1c common.o
                0x0800070e                systick_init
 *fill*         0x0800072a        0x2 
 .text.delay_ms
                0x0800072c       0x20 common.o
                0x0800072c                delay_ms
 .text.sys_tick_handler
                0x0800074c       0x18 common.o
                0x0800074c                sys_tick_handler
 .text.hw_init  0x08000764       0xcc hw.o
                0x08000764                hw_init
 .text.hw_check_forced_upgrade
                0x08000830       0x2c hw.o
                0x08000830                hw_check_forced_upgrade
 .text.usart1_isr
                0x0800085c       0x48 hw.o
                0x0800085c                usart1_isr
 .text.start_app
                0x080008a4       0x20 dpsboot.o
 .text.send_start_response
                0x080008c4       0x80 dpsboot.o
 .text.handle_frame.constprop.0
                0x08000944      0x1a0 dpsboot.o
 .text.handle_upgrade
                0x08000ae4       0x70 dpsboot.o
 .text.startup.main
                0x08000b54       0xe4 dpsboot.o
                0x08000b54                main
 .text.flash_get_status_flags
                0x08000c38       0x28 /home/pi/proj/opendpscolorsamefont/libopencm3/lib/libopencm3_stm32f1.a(flash.o)
                0x08000c38                flash_get_status_flags
 .text.flash_program_half_word
                0x08000c60       0x64 /home/pi/proj/opendpscolorsamefont/libopencm3/lib/libopencm3_stm32f1.a(flash.o)
                0x08000c60                flash_program_half_word
 .text.flash_erase_page
                0x08000cc4       0x7c /home/pi/proj/opendpscolorsamefont/libopencm3/lib/libopencm3_stm32f1.a(flash.o)
                0x08000cc4                flash_erase_page
 .text.gpio_set_mode
                0x08000d40       0x5e /home/pi/proj/opendpscolorsamefont/libopencm3/lib/libopencm3_stm32f1.a(gpio.o)
                0x08000d40                gpio_set_mode
 *fill*         0x08000d9e        0x2 
 .text.rcc_osc_on.part.0
                0x08000da0       0x10 /home/pi/proj/opendpscolorsamefont/libopencm3/lib/libopencm3_stm32f1.a(rcc.o)
 .text.rcc_is_osc_ready
                0x08000db0       0x5c /home/pi/proj/opendpscolorsamefont/libopencm3/lib/libopencm3_stm32f1.a(rcc.o)
                0x08000db0                rcc_is_osc_ready
 .text.rcc_wait_for_osc_ready
                0x08000e0c       0x10 /home/pi/proj/opendpscolorsamefont/libopencm3/lib/libopencm3_stm32f1.a(rcc.o)
                0x08000e0c                rcc_wait_for_osc_ready
 .text.rcc_osc_on
                0x08000e1c       0x54 /home/pi/proj/opendpscolorsamefont/libopencm3/lib/libopencm3_stm32f1.a(rcc.o)
                0x08000e1c                rcc_osc_on
 .text.rcc_set_sysclk_source
                0x08000e70       0x14 /home/pi/proj/opendpscolorsamefont/libopencm3/lib/libopencm3_stm32f1.a(rcc.o)
                0x08000e70                rcc_set_sysclk_source
 .text.rcc_set_pll_multiplication_factor
                0x08000e84       0x14 /home/pi/proj/opendpscolorsamefont/libopencm3/lib/libopencm3_stm32f1.a(rcc.o)
                0x08000e84                rcc_set_pll_multiplication_factor
 .text.rcc_set_pll_source
                0x08000e98       0x14 /home/pi/proj/opendpscolorsamefont/libopencm3/lib/libopencm3_stm32f1.a(rcc.o)
                0x08000e98                rcc_set_pll_source
 .text.rcc_set_adcpre
                0x08000eac       0x14 /home/pi/proj/opendpscolorsamefont/libopencm3/lib/libopencm3_stm32f1.a(rcc.o)
                0x08000eac                rcc_set_adcpre
 .text.rcc_set_ppre2
                0x08000ec0       0x14 /home/pi/proj/opendpscolorsamefont/libopencm3/lib/libopencm3_stm32f1.a(rcc.o)
                0x08000ec0                rcc_set_ppre2
 .text.rcc_set_ppre1
                0x08000ed4       0x14 /home/pi/proj/opendpscolorsamefont/libopencm3/lib/libopencm3_stm32f1.a(rcc.o)
                0x08000ed4                rcc_set_ppre1
 .text.rcc_set_hpre
                0x08000ee8       0x14 /home/pi/proj/opendpscolorsamefont/libopencm3/lib/libopencm3_stm32f1.a(rcc.o)
                0x08000ee8                rcc_set_hpre
 .text.rcc_clock_setup_in_hsi_out_48mhz
                0x08000efc       0x84 /home/pi/proj/opendpscolorsamefont/libopencm3/lib/libopencm3_stm32f1.a(rcc.o)
                0x08000efc                rcc_clock_setup_in_hsi_out_48mhz
 .text.gpio_set
                0x08000f80        0x4 /home/pi/proj/opendpscolorsamefont/libopencm3/lib/libopencm3_stm32f1.a(gpio_common_all.o)
                0x08000f80                gpio_set
 .text.gpio_get
                0x08000f84        0x6 /home/pi/proj/opendpscolorsamefont/libopencm3/lib/libopencm3_stm32f1.a(gpio_common_all.o)
                0x08000f84                gpio_get
 *fill*         0x08000f8a        0x2 
 .text.usart_set_baudrate
                0x08000f8c       0x28 /home/pi/proj/opendpscolorsamefont/libopencm3/lib/libopencm3_stm32f1.a(usart_common_all.o)
                0x08000f8c                usart_set_baudrate
 .text.usart_set_databits
                0x08000fb4       0x12 /home/pi/proj/opendpscolorsamefont/libopencm3/lib/libopencm3_stm32f1.a(usart_common_all.o)
                0x08000fb4                usart_set_databits
 .text.usart_set_stopbits
                0x08000fc6        0xc /home/pi/proj/opendpscolorsamefont/libopencm3/lib/libopencm3_stm32f1.a(usart_common_all.o)
                0x08000fc6                usart_set_stopbits
 .text.usart_set_parity
                0x08000fd2        0xc /home/pi/proj/opendpscolorsamefont/libopencm3/lib/libopencm3_stm32f1.a(usart_common_all.o)
                0x08000fd2                usart_set_parity
 .text.usart_set_mode
                0x08000fde        0xc /home/pi/proj/opendpscolorsamefont/libopencm3/lib/libopencm3_stm32f1.a(usart_common_all.o)
                0x08000fde                usart_set_mode
 .text.usart_set_flow_control
                0x08000fea        0xc /home/pi/proj/opendpscolorsamefont/libopencm3/lib/libopencm3_stm32f1.a(usart_common_all.o)
                0x08000fea                usart_set_flow_control
 .text.usart_enable
                0x08000ff6        0xa /home/pi/proj/opendpscolorsamefont/libopencm3/lib/libopencm3_stm32f1.a(usart_common_all.o)
                0x08000ff6                usart_enable
 .text.usart_send_blocking
                0x08001000       0x16 /home/pi/proj/opendpscolorsamefont/libopencm3/lib/libopencm3_stm32f1.a(usart_common_all.o)
                0x08001000                usart_send_blocking
 .text.usart_send
                0x08001016        0x8 /home/pi/proj/opendpscolorsamefont/libopencm3/lib/libopencm3_stm32f1.a(usart_common_f124.o)
                0x08001016                usart_send
 .text.usart_recv
                0x0800101e        0x8 /home/pi/proj/opendpscolorsamefont/libopencm3/lib/libopencm3_stm32f1.a(usart_common_f124.o)
                0x0800101e                usart_recv
 .text.usart_wait_send_ready
                0x08001026        0x8 /home/pi/proj/opendpscolorsamefont/libopencm3/lib/libopencm3_stm32f1.a(usart_common_f124.o)
                0x08001026                usart_wait_send_ready
 .text.rcc_periph_clock_enable
                0x0800102e       0x1c /home/pi/proj/opendpscolorsamefont/libopencm3/lib/libopencm3_stm32f1.a(rcc_common_all.o)
                0x0800102e                rcc_periph_clock_enable
 *fill*         0x0800104a        0x2 
 .text.flash_set_ws
                0x0800104c       0x14 /home/pi/proj/opendpscolorsamefont/libopencm3/lib/libopencm3_stm32f1.a(flash_common_f01.o)
                0x0800104c                flash_set_ws
 .text.flash_unlock
                0x08001060       0x24 /home/pi/proj/opendpscolorsamefont/libopencm3/lib/libopencm3_stm32f1.a(flash_common_f01.o)
                0x08001060                flash_unlock
 .text.flash_lock
                0x08001084       0x10 /home/pi/proj/opendpscolorsamefont/libopencm3/lib/libopencm3_stm32f1.a(flash_common_f01.o)
                0x08001084                flash_lock
 .text.flash_wait_for_last_operation
                0x08001094        0xc /home/pi/proj/opendpscolorsamefont/libopencm3/lib/libopencm3_stm32f1.a(flash_common_f01.o)
                0x08001094                flash_wait_for_last_operation
 .text.flash_program_word
                0x080010a0       0x18 /home/pi/proj/opendpscolorsamefont/libopencm3/lib/libopencm3_stm32f1.a(flash_common_f01.o)
                0x080010a0                flash_program_word
 .text.blocking_handler
                0x080010b8        0x2 /home/pi/proj/opendpscolorsamefont/libopencm3/lib/libopencm3_stm32f1.a(vector.o)
                0x080010b8                usart3_isr
                0x080010b8                rtc_isr
                0x080010b8                tim7_isr
                0x080010b8                adc1_2_isr
                0x080010b8                tim1_trg_com_isr
                0x080010b8                usb_hp_can_tx_isr
                0x080010b8                tim6_isr
                0x080010b8                usb_wakeup_isr
                0x080010b8                blocking_handler
                0x080010b8                tim5_isr
                0x080010b8                otg_fs_isr
                0x080010b8                spi1_isr
                0x080010b8                exti2_isr
                0x080010b8                dma1_channel6_isr
                0x080010b8                can_rx1_isr
                0x080010b8                dma1_channel5_isr
                0x080010b8                dma2_channel5_isr
                0x080010b8                usage_fault_handler
                0x080010b8                tim8_trg_com_isr
                0x080010b8                can2_rx0_isr
                0x080010b8                tim1_brk_isr
                0x080010b8                can2_rx1_isr
                0x080010b8                tim1_cc_isr
                0x080010b8                sdio_isr
                0x080010b8                eth_isr
                0x080010b8                dma1_channel4_isr
                0x080010b8                tim8_brk_isr
                0x080010b8                dma2_channel4_5_isr
                0x080010b8                pvd_isr
                0x080010b8                rcc_isr
                0x080010b8                flash_isr
                0x080010b8                uart4_isr
                0x080010b8                rtc_alarm_isr
                0x080010b8                exti15_10_isr
                0x080010b8                hard_fault_handler
                0x080010b8                exti1_isr
                0x080010b8                i2c1_ev_isr
                0x080010b8                dma2_channel1_isr
                0x080010b8                spi2_isr
                0x080010b8                tim8_up_isr
                0x080010b8                dma2_channel2_isr
                0x080010b8                exti3_isr
                0x080010b8                adc3_isr
                0x080010b8                tim3_isr
                0x080010b8                usart2_isr
                0x080010b8                usb_lp_can_rx0_isr
                0x080010b8                i2c2_er_isr
                0x080010b8                i2c2_ev_isr
                0x080010b8                uart5_isr
                0x080010b8                fsmc_isr
                0x080010b8                dma1_channel1_isr
                0x080010b8                exti4_isr
                0x080010b8                mem_manage_handler
                0x080010b8                can2_tx_isr
                0x080010b8                exti9_5_isr
                0x080010b8                dma2_channel3_isr
                0x080010b8                dma1_channel7_isr
                0x080010b8                tim1_up_isr
                0x080010b8                can2_sce_isr
                0x080010b8                tim4_isr
                0x080010b8                dma1_channel2_isr
                0x080010b8                i2c1_er_isr
                0x080010b8                can_sce_isr
                0x080010b8                tim8_cc_isr
                0x080010b8                tamper_isr
                0x080010b8                eth_wkup_isr
                0x080010b8                bus_fault_handler
                0x080010b8                wwdg_isr
                0x080010b8                dma1_channel3_isr
                0x080010b8                spi3_isr
                0x080010b8                tim2_isr
                0x080010b8                exti0_isr
 .text.null_handler
                0x080010ba        0x2 /home/pi/proj/opendpscolorsamefont/libopencm3/lib/libopencm3_stm32f1.a(vector.o)
                0x080010ba                null_handler
                0x080010ba                sv_call_handler
                0x080010ba                pend_sv_handler
                0x080010ba                debug_monitor_handler
                0x080010ba                nmi_handler
 .text.reset_handler
                0x080010bc       0x8c /home/pi/proj/opendpscolorsamefont/libopencm3/lib/libopencm3_stm32f1.a(vector.o)
                0x080010bc                reset_handler
 .text.systick_set_reload
                0x08001148       0x10 /home/pi/proj/opendpscolorsamefont/libopencm3/lib/libopencm3_stm32f1.a(systick.o)
                0x08001148                systick_set_reload
 .text.systick_set_clocksource
                0x08001158       0x18 /home/pi/proj/opendpscolorsamefont/libopencm3/lib/libopencm3_stm32f1.a(systick.o)
                0x08001158                systick_set_clocksource
 .text.systick_interrupt_enable
                0x08001170       0x10 /home/pi/proj/opendpscolorsamefont/libopencm3/lib/libopencm3_stm32f1.a(systick.o)
                0x08001170                systick_interrupt_enable
 .text.systick_counter_enable
                0x08001180       0x10 /home/pi/proj/opendpscolorsamefont/libopencm3/lib/libopencm3_stm32f1.a(systick.o)
                0x08001180                systick_counter_enable
 .text.nvic_enable_irq
                0x08001190       0x1a /home/pi/proj/opendpscolorsamefont/libopencm3/lib/libopencm3_stm32f1.a(nvic.o)
                0x08001190                nvic_enable_irq
 *fill*         0x080011aa        0x2 
 .text          0x080011ac       0xec /usr/bin/../lib/gcc/arm-none-eabi/9.2.1/../../../../arm-none-eabi/lib/thumb/v7-m/nofp/libc.a(lib_a-memcpy.o)
                0x080011ac                memcpy
 .text.strncmp  0x08001298       0x7c /usr/bin/../lib/gcc/arm-none-eabi/9.2.1/../../../../arm-none-eabi/lib/thumb/v7-m/nofp/libc.a(lib_a-strncmp.o)
                0x08001298                strncmp
                0x08001314                . = ALIGN (0x4)
 *(.rodata*)
 .rodata.main.str1.1
                0x08001314       0x2d dpsboot.o
                0x08001344                . = ALIGN (0x4)
 *fill*         0x08001341        0x3 

.glue_7         0x08001344        0x0
 .glue_7        0x08001344        0x0 linker stubs

.glue_7t        0x08001344        0x0
 .glue_7t       0x08001344        0x0 linker stubs

.vfp11_veneer   0x08001344        0x0
 .vfp11_veneer  0x08001344        0x0 linker stubs

.v4_bx          0x08001344        0x0
 .v4_bx         0x08001344        0x0 linker stubs

.iplt           0x08001344        0x0
 .iplt          0x08001344        0x0 common.o

.rel.dyn        0x08001344        0x0
 .rel.iplt      0x08001344        0x0 common.o

.preinit_array  0x08001344        0x0
                0x08001344                . = ALIGN (0x4)
                0x08001344                __preinit_array_start = .
 *(.preinit_array)
                0x08001344                __preinit_array_end = .

.init_array     0x08001344        0x0
                0x08001344                . = ALIGN (0x4)
                0x08001344                __init_array_start = .
 *(SORT_BY_NAME(.init_array.*))
 *(.init_array)
                0x08001344                __init_array_end = .

.fini_array     0x08001344        0x0
                0x08001344                . = ALIGN (0x4)
                0x08001344                __fini_array_start = .
 *(.fini_array)
 *(SORT_BY_NAME(.fini_array.*))
                0x08001344                __fini_array_end = .

.ARM.extab
 *(.ARM.extab*)

.ARM.exidx      0x08001344        0x0
                0x08001344                __exidx_start = .
 *(.ARM.exidx*)
                0x08001344                __exidx_end = .
                0x08001344                . = ALIGN (0x4)
                0x08001344                _etext = .

.data           0x20000000        0xc load address 0x08001344
                0x20000000                _data = .
 *(.data*)
 .data.rcc_ahb_frequency
                0x20000000        0x4 /home/pi/proj/opendpscolorsamefont/libopencm3/lib/libopencm3_stm32f1.a(rcc.o)
                0x20000000                rcc_ahb_frequency
 .data.rcc_apb1_frequency
                0x20000004        0x4 /home/pi/proj/opendpscolorsamefont/libopencm3/lib/libopencm3_stm32f1.a(rcc.o)
                0x20000004                rcc_apb1_frequency
 .data.rcc_apb2_frequency
                0x20000008        0x4 /home/pi/proj/opendpscolorsamefont/libopencm3/lib/libopencm3_stm32f1.a(rcc.o)
                0x20000008                rcc_apb2_frequency
                0x2000000c                . = ALIGN (0x4)
                0x2000000c                _edata = .
                0x08001344                _data_loadaddr = LOADADDR (.data)

.igot.plt       0x2000000c        0x0 load address 0x08001350
 .igot.plt      0x2000000c        0x0 common.o

.bss            0x20000010     0x1078 load address 0x08001350
 *(.bss*)
 .bss.flash_unlock_count
                0x20000010        0x4 common.o
 *fill*         0x20000014        0x4 
 .bss.tick_ms   0x20000018        0x8 common.o
 .bss.first_call.5649
                0x20000020        0x1 hw.o
 *fill*         0x20000021        0x3 
 .bss.rx_buf    0x20000024        0x4 hw.o
 .bss.buffer    0x20000028       0x20 dpsboot.o
 .bss.chunk_size
                0x20000048        0x2 dpsboot.o
 *fill*         0x2000004a        0x2 
 .bss.cur_flash_address
                0x2000004c        0x4 dpsboot.o
 .bss.frame_buffer
                0x20000050     0x1006 dpsboot.o
 .bss.fw_crc16  0x20001056        0x2 dpsboot.o
 .bss.past      0x20001058       0x18 dpsboot.o
 .bss.reason    0x20001070        0x1 dpsboot.o
 .bss.receiving_frame
                0x20001071        0x1 dpsboot.o
 *fill*         0x20001072        0x2 
 .bss.rx_buf    0x20001074       0x10 dpsboot.o
 .bss.rx_idx    0x20001084        0x4 dpsboot.o
 *(COMMON)
                0x20001088                . = ALIGN (0x4)
                0x20001088                _ebss = .

/DISCARD/
 *(.eh_frame)
                0x20001088                . = ALIGN (0x4)
                0x20001088                end = .
                0x20001ff0                PROVIDE (_stack = (ORIGIN (ram) + LENGTH (ram)))

.app            0x08001400     0xe400
                0x08001400                _app_start = .
                0x0800f800                . = (. + app_size)
 *fill*         0x08001400     0xe400 
                0x0800f800                _app_end = .

.past           0x0800f800      0x800
                0x0800f800                _past_start = .
                0x08010000                . = (. + past_size)
 *fill*         0x0800f800      0x800 
                0x08010000                _past_end = .

.bootcom        0x20001ff0       0x10
                0x20001ff0                _bootcom_start = .
                0x20002000                . = (. + bootcom_size)
 *fill*         0x20001ff0       0x10 
                0x20002000                _bootcom_end = .
OUTPUT(dpsboot.elf elf32-littlearm)

.debug_info     0x00000000     0x8089
 .debug_info    0x00000000     0x2971 common.o
 .debug_info    0x00002971      0xf47 hw.o
 .debug_info    0x000038b8     0x1658 dpsboot.o
 .debug_info    0x00004f10      0x33d /home/pi/proj/opendpscolorsamefont/libopencm3/lib/libopencm3_stm32f1.a(flash.o)
 .debug_info    0x0000524d      0x20a /home/pi/proj/opendpscolorsamefont/libopencm3/lib/libopencm3_stm32f1.a(gpio.o)
 .debug_info    0x00005457     0x12dd /home/pi/proj/opendpscolorsamefont/libopencm3/lib/libopencm3_stm32f1.a(rcc.o)
 .debug_info    0x00006734      0x266 /home/pi/proj/opendpscolorsamefont/libopencm3/lib/libopencm3_stm32f1.a(gpio_common_all.o)
 .debug_info    0x0000699a      0x519 /home/pi/proj/opendpscolorsamefont/libopencm3/lib/libopencm3_stm32f1.a(usart_common_all.o)
 .debug_info    0x00006eb3      0x216 /home/pi/proj/opendpscolorsamefont/libopencm3/lib/libopencm3_stm32f1.a(usart_common_f124.o)
 .debug_info    0x000070c9      0x57b /home/pi/proj/opendpscolorsamefont/libopencm3/lib/libopencm3_stm32f1.a(rcc_common_all.o)
 .debug_info    0x00007644      0x29f /home/pi/proj/opendpscolorsamefont/libopencm3/lib/libopencm3_stm32f1.a(flash_common_f01.o)
 .debug_info    0x000078e3      0x2d5 /home/pi/proj/opendpscolorsamefont/libopencm3/lib/libopencm3_stm32f1.a(vector.o)
 .debug_info    0x00007bb8      0x280 /home/pi/proj/opendpscolorsamefont/libopencm3/lib/libopencm3_stm32f1.a(systick.o)
 .debug_info    0x00007e38      0x251 /home/pi/proj/opendpscolorsamefont/libopencm3/lib/libopencm3_stm32f1.a(nvic.o)

.debug_abbrev   0x00000000     0x1a76
 .debug_abbrev  0x00000000      0x624 common.o
 .debug_abbrev  0x00000624      0x2d2 hw.o
 .debug_abbrev  0x000008f6      0x3f3 dpsboot.o
 .debug_abbrev  0x00000ce9      0x14f /home/pi/proj/opendpscolorsamefont/libopencm3/lib/libopencm3_stm32f1.a(flash.o)
 .debug_abbrev  0x00000e38       0xd0 /home/pi/proj/opendpscolorsamefont/libopencm3/lib/libopencm3_stm32f1.a(gpio.o)
 .debug_abbrev  0x00000f08      0x2e1 /home/pi/proj/opendpscolorsamefont/libopencm3/lib/libopencm3_stm32f1.a(rcc.o)
 .debug_abbrev  0x000011e9      0x116 /home/pi/proj/opendpscolorsamefont/libopencm3/lib/libopencm3_stm32f1.a(gpio_common_all.o)
 .debug_abbrev  0x000012ff      0x129 /home/pi/proj/opendpscolorsamefont/libopencm3/lib/libopencm3_stm32f1.a(usart_common_all.o)
 .debug_abbrev  0x00001428       0xdc /home/pi/proj/opendpscolorsamefont/libopencm3/lib/libopencm3_stm32f1.a(usart_common_f124.o)
 .debug_abbrev  0x00001504      0x143 /home/pi/proj/opendpscolorsamefont/libopencm3/lib/libopencm3_stm32f1.a(rcc_common_all.o)
 .debug_abbrev  0x00001647       0xdc /home/pi/proj/opendpscolorsamefont/libopencm3/lib/libopencm3_stm32f1.a(flash_common_f01.o)
 .debug_abbrev  0x00001723      0x149 /home/pi/proj/opendpscolorsamefont/libopencm3/lib/libopencm3_stm32f1.a(vector.o)
 .debug_abbrev  0x0000186c      0x155 /home/pi/proj/opendpscolorsamefont/libopencm3/lib/libopencm3_stm32f1.a(systick.o)
 .debug_abbrev  0x000019c1       0xb5 /home/pi/proj/opendpscolorsamefont/libopencm3/lib/libopencm3_stm32f1.a(nvic.o)

.debug_loc      0x00000000     0x2e41
 .debug_loc     0x00000000     0x1bee common.o
 .debug_loc     0x00001bee       0x3a hw.o
 .debug_loc     0x00001c28      0x45f dpsboot.o
 .debug_loc     0x00002087       0x90 /home/pi/proj/opendpscolorsamefont/libopencm3/lib/libopencm3_stm32f1.a(flash.o)
 .debug_loc     0x00002117      0x134 /home/pi/proj/opendpscolorsamefont/libopencm3/lib/libopencm3_stm32f1.a(gpio.o)
 .debug_loc     0x0000224b      0x39c /home/pi/proj/opendpscolorsamefont/libopencm3/lib/libopencm3_stm32f1.a(rcc.o)
 .debug_loc     0x000025e7       0xbe /home/pi/proj/opendpscolorsamefont/libopencm3/lib/libopencm3_stm32f1.a(gpio_common_all.o)
 .debug_loc     0x000026a5      0x172 /home/pi/proj/opendpscolorsamefont/libopencm3/lib/libopencm3_stm32f1.a(usart_common_all.o)
 .debug_loc     0x00002817       0xea /home/pi/proj/opendpscolorsamefont/libopencm3/lib/libopencm3_stm32f1.a(usart_common_f124.o)
 .debug_loc     0x00002901       0x6f /home/pi/proj/opendpscolorsamefont/libopencm3/lib/libopencm3_stm32f1.a(rcc_common_all.o)
 .debug_loc     0x00002970       0xca /home/pi/proj/opendpscolorsamefont/libopencm3/lib/libopencm3_stm32f1.a(flash_common_f01.o)
 .debug_loc     0x00002a3a      0x128 /home/pi/proj/opendpscolorsamefont/libopencm3/lib/libopencm3_stm32f1.a(vector.o)
 .debug_loc     0x00002b62      0x192 /home/pi/proj/opendpscolorsamefont/libopencm3/lib/libopencm3_stm32f1.a(systick.o)
 .debug_loc     0x00002cf4      0x14d /home/pi/proj/opendpscolorsamefont/libopencm3/lib/libopencm3_stm32f1.a(nvic.o)

.debug_aranges  0x00000000      0x750
 .debug_aranges
                0x00000000      0x198 common.o
 .debug_aranges
                0x00000198       0x30 hw.o
 .debug_aranges
                0x000001c8       0x40 dpsboot.o
 .debug_aranges
                0x00000208       0x80 /home/pi/proj/opendpscolorsamefont/libopencm3/lib/libopencm3_stm32f1.a(flash.o)
 .debug_aranges
                0x00000288       0x38 /home/pi/proj/opendpscolorsamefont/libopencm3/lib/libopencm3_stm32f1.a(gpio.o)
 .debug_aranges
                0x000002c0      0x168 /home/pi/proj/opendpscolorsamefont/libopencm3/lib/libopencm3_stm32f1.a(rcc.o)
 .debug_aranges
                0x00000428       0x50 /home/pi/proj/opendpscolorsamefont/libopencm3/lib/libopencm3_stm32f1.a(gpio_common_all.o)
 .debug_aranges
                0x00000478       0xb8 /home/pi/proj/opendpscolorsamefont/libopencm3/lib/libopencm3_stm32f1.a(usart_common_all.o)
 .debug_aranges
                0x00000530       0x48 /home/pi/proj/opendpscolorsamefont/libopencm3/lib/libopencm3_stm32f1.a(usart_common_f124.o)
 .debug_aranges
                0x00000578       0x48 /home/pi/proj/opendpscolorsamefont/libopencm3/lib/libopencm3_stm32f1.a(rcc_common_all.o)
 .debug_aranges
                0x000005c0       0x88 /home/pi/proj/opendpscolorsamefont/libopencm3/lib/libopencm3_stm32f1.a(flash_common_f01.o)
 .debug_aranges
                0x00000648       0x30 /home/pi/proj/opendpscolorsamefont/libopencm3/lib/libopencm3_stm32f1.a(vector.o)
 .debug_aranges
                0x00000678       0x78 /home/pi/proj/opendpscolorsamefont/libopencm3/lib/libopencm3_stm32f1.a(systick.o)
 .debug_aranges
                0x000006f0       0x60 /home/pi/proj/opendpscolorsamefont/libopencm3/lib/libopencm3_stm32f1.a(nvic.o)

.debug_ranges   0x00000000      0xbc8
 .debug_ranges  0x00000000      0x4a8 common.o
 .debug_ranges  0x000004a8       0x80 hw.o
 .debug_ranges  0x00000528      0x178 dpsboot.o
 .debug_ranges  0x000006a0       0x70 /home/pi/proj/opendpscolorsamefont/libopencm3/lib/libopencm3_stm32f1.a(flash.o)
 .debug_ranges  0x00000710       0x28 /home/pi/proj/opendpscolorsamefont/libopencm3/lib/libopencm3_stm32f1.a(gpio.o)
 .debug_ranges  0x00000738      0x1c8 /home/pi/proj/opendpscolorsamefont/libopencm3/lib/libopencm3_stm32f1.a(rcc.o)
 .debug_ranges  0x00000900       0x40 /home/pi/proj/opendpscolorsamefont/libopencm3/lib/libopencm3_stm32f1.a(gpio_common_all.o)
 .debug_ranges  0x00000940       0xa8 /home/pi/proj/opendpscolorsamefont/libopencm3/lib/libopencm3_stm32f1.a(usart_common_all.o)
 .debug_ranges  0x000009e8       0x38 /home/pi/proj/opendpscolorsamefont/libopencm3/lib/libopencm3_stm32f1.a(usart_common_f124.o)
 .debug_ranges  0x00000a20       0x38 /home/pi/proj/opendpscolorsamefont/libopencm3/lib/libopencm3_stm32f1.a(rcc_common_all.o)
 .debug_ranges  0x00000a58       0x78 /home/pi/proj/opendpscolorsamefont/libopencm3/lib/libopencm3_stm32f1.a(flash_common_f01.o)
 .debug_ranges  0x00000ad0       0x20 /home/pi/proj/opendpscolorsamefont/libopencm3/lib/libopencm3_stm32f1.a(vector.o)
 .debug_ranges  0x00000af0       0x88 /home/pi/proj/opendpscolorsamefont/libopencm3/lib/libopencm3_stm32f1.a(systick.o)
 .debug_ranges  0x00000b78       0x50 /home/pi/proj/opendpscolorsamefont/libopencm3/lib/libopencm3_stm32f1.a(nvic.o)

.debug_line     0x00000000     0x5101
 .debug_line    0x00000000     0x14d6 common.o
 .debug_line    0x000014d6      0x34d hw.o
 .debug_line    0x00001823      0x69b dpsboot.o
 .debug_line    0x00001ebe      0x50c /home/pi/proj/opendpscolorsamefont/libopencm3/lib/libopencm3_stm32f1.a(flash.o)
 .debug_line    0x000023ca      0x31e /home/pi/proj/opendpscolorsamefont/libopencm3/lib/libopencm3_stm32f1.a(gpio.o)
 .debug_line    0x000026e8      0xca5 /home/pi/proj/opendpscolorsamefont/libopencm3/lib/libopencm3_stm32f1.a(rcc.o)
 .debug_line    0x0000338d      0x334 /home/pi/proj/opendpscolorsamefont/libopencm3/lib/libopencm3_stm32f1.a(gpio_common_all.o)
 .debug_line    0x000036c1      0x53e /home/pi/proj/opendpscolorsamefont/libopencm3/lib/libopencm3_stm32f1.a(usart_common_all.o)
 .debug_line    0x00003bff      0x386 /home/pi/proj/opendpscolorsamefont/libopencm3/lib/libopencm3_stm32f1.a(usart_common_f124.o)
 .debug_line    0x00003f85      0x2fb /home/pi/proj/opendpscolorsamefont/libopencm3/lib/libopencm3_stm32f1.a(rcc_common_all.o)
 .debug_line    0x00004280      0x44f /home/pi/proj/opendpscolorsamefont/libopencm3/lib/libopencm3_stm32f1.a(flash_common_f01.o)
 .debug_line    0x000046cf      0x3b7 /home/pi/proj/opendpscolorsamefont/libopencm3/lib/libopencm3_stm32f1.a(vector.o)
 .debug_line    0x00004a86      0x331 /home/pi/proj/opendpscolorsamefont/libopencm3/lib/libopencm3_stm32f1.a(systick.o)
 .debug_line    0x00004db7      0x34a /home/pi/proj/opendpscolorsamefont/libopencm3/lib/libopencm3_stm32f1.a(nvic.o)

.debug_str      0x00000000    0x10f32
 .debug_str     0x00000000      0xbf1 common.o
                                0xd8e (size before relaxing)
 .debug_str     0x00000bf1      0x3c7 hw.o
                                0x999 (size before relaxing)
 .debug_str     0x00000fb8      0x355 dpsboot.o
                                0xd2b (size before relaxing)
 .debug_str     0x0000130d     0x5528 /home/pi/proj/opendpscolorsamefont/libopencm3/lib/libopencm3_stm32f1.a(flash.o)
                               0x56e6 (size before relaxing)
 .debug_str     0x00006835     0x380a /home/pi/proj/opendpscolorsamefont/libopencm3/lib/libopencm3_stm32f1.a(gpio.o)
                               0x85b2 (size before relaxing)
 .debug_str     0x0000a03f     0x28b4 /home/pi/proj/opendpscolorsamefont/libopencm3/lib/libopencm3_stm32f1.a(rcc.o)
                               0x7dfa (size before relaxing)
 .debug_str     0x0000c8f3       0x68 /home/pi/proj/opendpscolorsamefont/libopencm3/lib/libopencm3_stm32f1.a(gpio_common_all.o)
                               0x85a6 (size before relaxing)
 .debug_str     0x0000c95b      0xff5 /home/pi/proj/opendpscolorsamefont/libopencm3/lib/libopencm3_stm32f1.a(usart_common_all.o)
                               0x8233 (size before relaxing)
 .debug_str     0x0000d950       0x51 /home/pi/proj/opendpscolorsamefont/libopencm3/lib/libopencm3_stm32f1.a(usart_common_f124.o)
                               0x8091 (size before relaxing)
 .debug_str     0x0000d9a1      0x32e /home/pi/proj/opendpscolorsamefont/libopencm3/lib/libopencm3_stm32f1.a(rcc_common_all.o)
                               0x76e1 (size before relaxing)
 .debug_str     0x0000dccf       0xa6 /home/pi/proj/opendpscolorsamefont/libopencm3/lib/libopencm3_stm32f1.a(flash_common_f01.o)
                               0x5659 (size before relaxing)
 .debug_str     0x0000dd75     0x24ed /home/pi/proj/opendpscolorsamefont/libopencm3/lib/libopencm3_stm32f1.a(vector.o)
                               0x66fb (size before relaxing)
 .debug_str     0x00010262      0x2f0 /home/pi/proj/opendpscolorsamefont/libopencm3/lib/libopencm3_stm32f1.a(systick.o)
                               0x4572 (size before relaxing)
 .debug_str     0x00010552      0x9e0 /home/pi/proj/opendpscolorsamefont/libopencm3/lib/libopencm3_stm32f1.a(nvic.o)
                               0x540f (size before relaxing)

.comment        0x00000000       0x7a
 .comment       0x00000000       0x7a common.o
                                 0x7b (size before relaxing)
 .comment       0x0000007a       0x7b hw.o
 .comment       0x0000007a       0x7b dpsboot.o
 .comment       0x0000007a       0x7b /home/pi/proj/opendpscolorsamefont/libopencm3/lib/libopencm3_stm32f1.a(flash.o)
 .comment       0x0000007a       0x7b /home/pi/proj/opendpscolorsamefont/libopencm3/lib/libopencm3_stm32f1.a(gpio.o)
 .comment       0x0000007a       0x7b /home/pi/proj/opendpscolorsamefont/libopencm3/lib/libopencm3_stm32f1.a(rcc.o)
 .comment       0x0000007a       0x7b /home/pi/proj/opendpscolorsamefont/libopencm3/lib/libopencm3_stm32f1.a(gpio_common_all.o)
 .comment       0x0000007a       0x7b /home/pi/proj/opendpscolorsamefont/libopencm3/lib/libopencm3_stm32f1.a(usart_common_all.o)
 .comment       0x0000007a       0x7b /home/pi/proj/opendpscolorsamefont/libopencm3/lib/libopencm3_stm32f1.a(usart_common_f124.o)
 .comment       0x0000007a       0x7b /home/pi/proj/opendpscolorsamefont/libopencm3/lib/libopencm3_stm32f1.a(rcc_common_all.o)
 .comment       0x0000007a       0x7b /home/pi/proj/opendpscolorsamefont/libopencm3/lib/libopencm3_stm32f1.a(flash_common_f01.o)
 .comment       0x0000007a       0x7b /home/pi/proj/opendpscolorsamefont/libopencm3/lib/libopencm3_stm32f1.a(vector.o)
 .comment       0x0000007a       0x7b /home/pi/proj/opendpscolorsamefont/libopencm3/lib/libopencm3_stm32f1.a(systick.o)
 .comment       0x0000007a       0x7b /home/pi/proj/opendpscolorsamefont/libopencm3/lib/libopencm3_stm32f1.a(nvic.o)

.ARM.attributes
                0x00000000       0x2b
 .ARM.attributes
                0x00000000       0x2d common.o
 .ARM.attributes
                0x0000002d       0x2d hw.o
 .ARM.attributes
                0x0000005a       0x2d dpsboot.o
 .ARM.attributes
                0x00000087       0x2d /home/pi/proj/opendpscolorsamefont/libopencm3/lib/libopencm3_stm32f1.a(flash.o)
 .ARM.attributes
                0x000000b4       0x2d /home/pi/proj/opendpscolorsamefont/libopencm3/lib/libopencm3_stm32f1.a(gpio.o)
 .ARM.attributes
                0x000000e1       0x2d /home/pi/proj/opendpscolorsamefont/libopencm3/lib/libopencm3_stm32f1.a(rcc.o)
 .ARM.attributes
                0x0000010e       0x2d /home/pi/proj/opendpscolorsamefont/libopencm3/lib/libopencm3_stm32f1.a(gpio_common_all.o)
 .ARM.attributes
                0x0000013b       0x2d /home/pi/proj/opendpscolorsamefont/libopencm3/lib/libopencm3_stm32f1.a(usart_common_all.o)
 .ARM.attributes
                0x00000168       0x2d /home/pi/proj/opendpscolorsamefont/libopencm3/lib/libopencm3_stm32f1.a(usart_common_f124.o)
 .ARM.attributes
                0x00000195       0x2d /home/pi/proj/opendpscolorsamefont/libopencm3/lib/libopencm3_stm32f1.a(rcc_common_all.o)
 .ARM.attributes
                0x000001c2       0x2d /home/pi/proj/opendpscolorsamefont/libopencm3/lib/libopencm3_stm32f1.a(flash_common_f01.o)
 .ARM.attributes
                0x000001ef       0x2d /home/pi/proj/opendpscolorsamefont/libopencm3/lib/libopencm3_stm32f1.a(vector.o)
 .ARM.attributes
                0x0000021c       0x2d /home/pi/proj/opendpscolorsamefont/libopencm3/lib/libopencm3_stm32f1.a(systick.o)
 .ARM.attributes
                0x00000249       0x2d /home/pi/proj/opendpscolorsamefont/libopencm3/lib/libopencm3_stm32f1.a(nvic.o)
 .ARM.attributes
                0x00000276       0x1b /usr/bin/../lib/gcc/arm-none-eabi/9.2.1/../../../../arm-none-eabi/lib/thumb/v7-m/nofp/libc.a(lib_a-memcpy.o)
 .ARM.attributes
                0x00000291       0x2d /usr/bin/../lib/gcc/arm-none-eabi/9.2.1/../../../../arm-none-eabi/lib/thumb/v7-m/nofp/libc.a(lib_a-strncmp.o)

.debug_frame    0x00000000     0x110c
 .debug_frame   0x00000000      0x540 common.o
 .debug_frame   0x00000540       0x68 hw.o
 .debug_frame   0x000005a8       0xb8 dpsboot.o
 .debug_frame   0x00000660      0x10c /home/pi/proj/opendpscolorsamefont/libopencm3/lib/libopencm3_stm32f1.a(flash.o)
 .debug_frame   0x0000076c       0x60 /home/pi/proj/opendpscolorsamefont/libopencm3/lib/libopencm3_stm32f1.a(gpio.o)
 .debug_frame   0x000007cc      0x300 /home/pi/proj/opendpscolorsamefont/libopencm3/lib/libopencm3_stm32f1.a(rcc.o)
 .debug_frame   0x00000acc       0x80 /home/pi/proj/opendpscolorsamefont/libopencm3/lib/libopencm3_stm32f1.a(gpio_common_all.o)
 .debug_frame   0x00000b4c      0x170 /home/pi/proj/opendpscolorsamefont/libopencm3/lib/libopencm3_stm32f1.a(usart_common_all.o)
 .debug_frame   0x00000cbc       0x70 /home/pi/proj/opendpscolorsamefont/libopencm3/lib/libopencm3_stm32f1.a(usart_common_f124.o)
 .debug_frame   0x00000d2c       0xb0 /home/pi/proj/opendpscolorsamefont/libopencm3/lib/libopencm3_stm32f1.a(rcc_common_all.o)
 .debug_frame   0x00000ddc      0x120 /home/pi/proj/opendpscolorsamefont/libopencm3/lib/libopencm3_stm32f1.a(flash_common_f01.o)
 .debug_frame   0x00000efc       0x40 /home/pi/proj/opendpscolorsamefont/libopencm3/lib/libopencm3_stm32f1.a(vector.o)
 .debug_frame   0x00000f3c       0xd8 /home/pi/proj/opendpscolorsamefont/libopencm3/lib/libopencm3_stm32f1.a(systick.o)
 .debug_frame   0x00001014       0xa0 /home/pi/proj/opendpscolorsamefont/libopencm3/lib/libopencm3_stm32f1.a(nvic.o)
 .debug_frame   0x000010b4       0x58 /usr/bin/../lib/gcc/arm-none-eabi/9.2.1/../../../../arm-none-eabi/lib/thumb/v7-m/nofp/libc.a(lib_a-strncmp.o)

.debug_macro    0x00000000     0x3d99
 .debug_macro   0x00000000       0xc9 /home/pi/proj/opendpscolorsamefont/libopencm3/lib/libopencm3_stm32f1.a(flash.o)
 .debug_macro   0x000000c9      0xa96 /home/pi/proj/opendpscolorsamefont/libopencm3/lib/libopencm3_stm32f1.a(flash.o)
 .debug_macro   0x00000b5f       0x22 /home/pi/proj/opendpscolorsamefont/libopencm3/lib/libopencm3_stm32f1.a(flash.o)
 .debug_macro   0x00000b81       0x8e /home/pi/proj/opendpscolorsamefont/libopencm3/lib/libopencm3_stm32f1.a(flash.o)
 .debug_macro   0x00000c0f       0x51 /home/pi/proj/opendpscolorsamefont/libopencm3/lib/libopencm3_stm32f1.a(flash.o)
 .debug_macro   0x00000c60       0xef /home/pi/proj/opendpscolorsamefont/libopencm3/lib/libopencm3_stm32f1.a(flash.o)
 .debug_macro   0x00000d4f       0x6a /home/pi/proj/opendpscolorsamefont/libopencm3/lib/libopencm3_stm32f1.a(flash.o)
 .debug_macro   0x00000db9      0x1df /home/pi/proj/opendpscolorsamefont/libopencm3/lib/libopencm3_stm32f1.a(flash.o)
 .debug_macro   0x00000f98       0x22 /home/pi/proj/opendpscolorsamefont/libopencm3/lib/libopencm3_stm32f1.a(flash.o)
 .debug_macro   0x00000fba       0xfa /home/pi/proj/opendpscolorsamefont/libopencm3/lib/libopencm3_stm32f1.a(flash.o)
 .debug_macro   0x000010b4       0x58 /home/pi/proj/opendpscolorsamefont/libopencm3/lib/libopencm3_stm32f1.a(flash.o)
 .debug_macro   0x0000110c      0x1b4 /home/pi/proj/opendpscolorsamefont/libopencm3/lib/libopencm3_stm32f1.a(flash.o)
 .debug_macro   0x000012c0       0xdc /home/pi/proj/opendpscolorsamefont/libopencm3/lib/libopencm3_stm32f1.a(flash.o)
 .debug_macro   0x0000139c       0x82 /home/pi/proj/opendpscolorsamefont/libopencm3/lib/libopencm3_stm32f1.a(flash.o)
 .debug_macro   0x0000141e       0xb9 /home/pi/proj/opendpscolorsamefont/libopencm3/lib/libopencm3_stm32f1.a(gpio.o)
 .debug_macro   0x000014d7       0x76 /home/pi/proj/opendpscolorsamefont/libopencm3/lib/libopencm3_stm32f1.a(gpio.o)
 .debug_macro   0x0000154d      0xdfd /home/pi/proj/opendpscolorsamefont/libopencm3/lib/libopencm3_stm32f1.a(gpio.o)
 .debug_macro   0x0000234a       0xe0 /home/pi/proj/opendpscolorsamefont/libopencm3/lib/libopencm3_stm32f1.a(rcc.o)
 .debug_macro   0x0000242a       0x16 /home/pi/proj/opendpscolorsamefont/libopencm3/lib/libopencm3_stm32f1.a(rcc.o)
 .debug_macro   0x00002440      0x825 /home/pi/proj/opendpscolorsamefont/libopencm3/lib/libopencm3_stm32f1.a(rcc.o)
 .debug_macro   0x00002c65       0xb9 /home/pi/proj/opendpscolorsamefont/libopencm3/lib/libopencm3_stm32f1.a(gpio_common_all.o)
 .debug_macro   0x00002d1e       0xdb /home/pi/proj/opendpscolorsamefont/libopencm3/lib/libopencm3_stm32f1.a(usart_common_all.o)
 .debug_macro   0x00002df9       0x8e /home/pi/proj/opendpscolorsamefont/libopencm3/lib/libopencm3_stm32f1.a(usart_common_all.o)
 .debug_macro   0x00002e87      0x273 /home/pi/proj/opendpscolorsamefont/libopencm3/lib/libopencm3_stm32f1.a(usart_common_all.o)
 .debug_macro   0x000030fa       0xdb /home/pi/proj/opendpscolorsamefont/libopencm3/lib/libopencm3_stm32f1.a(usart_common_f124.o)
 .debug_macro   0x000031d5       0xcf /home/pi/proj/opendpscolorsamefont/libopencm3/lib/libopencm3_stm32f1.a(rcc_common_all.o)
 .debug_macro   0x000032a4       0xb9 /home/pi/proj/opendpscolorsamefont/libopencm3/lib/libopencm3_stm32f1.a(flash_common_f01.o)
 .debug_macro   0x0000335d       0xd0 /home/pi/proj/opendpscolorsamefont/libopencm3/lib/libopencm3_stm32f1.a(vector.o)
 .debug_macro   0x0000342d      0x3a1 /home/pi/proj/opendpscolorsamefont/libopencm3/lib/libopencm3_stm32f1.a(vector.o)
 .debug_macro   0x000037ce       0x6a /home/pi/proj/opendpscolorsamefont/libopencm3/lib/libopencm3_stm32f1.a(vector.o)
 .debug_macro   0x00003838      0x1a2 /home/pi/proj/opendpscolorsamefont/libopencm3/lib/libopencm3_stm32f1.a(vector.o)
 .debug_macro   0x000039da       0x93 /home/pi/proj/opendpscolorsamefont/libopencm3/lib/libopencm3_stm32f1.a(systick.o)
 .debug_macro   0x00003a6d       0x64 /home/pi/proj/opendpscolorsamefont/libopencm3/lib/libopencm3_stm32f1.a(systick.o)
 .debug_macro   0x00003ad1       0xb4 /home/pi/proj/opendpscolorsamefont/libopencm3/lib/libopencm3_stm32f1.a(nvic.o)
 .debug_macro   0x00003b85       0x64 /home/pi/proj/opendpscolorsamefont/libopencm3/lib/libopencm3_stm32f1.a(nvic.o)
 .debug_macro   0x00003be9      0x1b0 /home/pi/proj/opendpscolorsamefont/libopencm3/lib/libopencm3_stm32f1.a(nvic.o)
